Archive member included to satisfy reference by file (symbol)

/usr/lib/gcc/arm-none-eabi/10.3.1/../../../arm-none-eabi/lib/thumb/v7e-m+fp/hard/libc_nano.a(lib_a-atexit.o)
                              /usr/lib/gcc/arm-none-eabi/10.3.1/../../../arm-none-eabi/lib/thumb/v7e-m+fp/hard/crt0.o (atexit)
/usr/lib/gcc/arm-none-eabi/10.3.1/../../../arm-none-eabi/lib/thumb/v7e-m+fp/hard/libc_nano.a(lib_a-exit.o)
                              /usr/lib/gcc/arm-none-eabi/10.3.1/../../../arm-none-eabi/lib/thumb/v7e-m+fp/hard/crt0.o (exit)
/usr/lib/gcc/arm-none-eabi/10.3.1/../../../arm-none-eabi/lib/thumb/v7e-m+fp/hard/libc_nano.a(lib_a-fini.o)
                              /usr/lib/gcc/arm-none-eabi/10.3.1/../../../arm-none-eabi/lib/thumb/v7e-m+fp/hard/crt0.o (__libc_fini_array)
/usr/lib/gcc/arm-none-eabi/10.3.1/../../../arm-none-eabi/lib/thumb/v7e-m+fp/hard/libc_nano.a(lib_a-impure.o)
                              /usr/lib/gcc/arm-none-eabi/10.3.1/../../../arm-none-eabi/lib/thumb/v7e-m+fp/hard/libc_nano.a(lib_a-exit.o) (_global_impure_ptr)
/usr/lib/gcc/arm-none-eabi/10.3.1/../../../arm-none-eabi/lib/thumb/v7e-m+fp/hard/libc_nano.a(lib_a-init.o)
                              /usr/lib/gcc/arm-none-eabi/10.3.1/../../../arm-none-eabi/lib/thumb/v7e-m+fp/hard/crt0.o (__libc_init_array)
/usr/lib/gcc/arm-none-eabi/10.3.1/../../../arm-none-eabi/lib/thumb/v7e-m+fp/hard/libc_nano.a(lib_a-malloc.o)
                              build/usbd_audio.o (malloc)
/usr/lib/gcc/arm-none-eabi/10.3.1/../../../arm-none-eabi/lib/thumb/v7e-m+fp/hard/libc_nano.a(lib_a-memset.o)
                              /usr/lib/gcc/arm-none-eabi/10.3.1/../../../arm-none-eabi/lib/thumb/v7e-m+fp/hard/crt0.o (memset)
/usr/lib/gcc/arm-none-eabi/10.3.1/../../../arm-none-eabi/lib/thumb/v7e-m+fp/hard/libc_nano.a(lib_a-nano-freer.o)
                              /usr/lib/gcc/arm-none-eabi/10.3.1/../../../arm-none-eabi/lib/thumb/v7e-m+fp/hard/libc_nano.a(lib_a-malloc.o) (_free_r)
/usr/lib/gcc/arm-none-eabi/10.3.1/../../../arm-none-eabi/lib/thumb/v7e-m+fp/hard/libc_nano.a(lib_a-nano-mallocr.o)
                              /usr/lib/gcc/arm-none-eabi/10.3.1/../../../arm-none-eabi/lib/thumb/v7e-m+fp/hard/libc_nano.a(lib_a-malloc.o) (_malloc_r)
/usr/lib/gcc/arm-none-eabi/10.3.1/../../../arm-none-eabi/lib/thumb/v7e-m+fp/hard/libc_nano.a(lib_a-nano-vfprintf_float.o)
                              (_printf_float)
/usr/lib/gcc/arm-none-eabi/10.3.1/../../../arm-none-eabi/lib/thumb/v7e-m+fp/hard/libc_nano.a(lib_a-nano-vfprintf_i.o)
                              /usr/lib/gcc/arm-none-eabi/10.3.1/../../../arm-none-eabi/lib/thumb/v7e-m+fp/hard/libc_nano.a(lib_a-nano-vfprintf_float.o) (_printf_common)
/usr/lib/gcc/arm-none-eabi/10.3.1/../../../arm-none-eabi/lib/thumb/v7e-m+fp/hard/libc_nano.a(lib_a-sbrkr.o)
                              /usr/lib/gcc/arm-none-eabi/10.3.1/../../../arm-none-eabi/lib/thumb/v7e-m+fp/hard/libc_nano.a(lib_a-nano-mallocr.o) (_sbrk_r)
/usr/lib/gcc/arm-none-eabi/10.3.1/../../../arm-none-eabi/lib/thumb/v7e-m+fp/hard/libc_nano.a(lib_a-strlen.o)
                              build/main.o (strlen)
/usr/lib/gcc/arm-none-eabi/10.3.1/../../../arm-none-eabi/lib/thumb/v7e-m+fp/hard/libc_nano.a(lib_a-vsprintf.o)
                              build/main.o (vsprintf)
/usr/lib/gcc/arm-none-eabi/10.3.1/../../../arm-none-eabi/lib/thumb/v7e-m+fp/hard/libc_nano.a(lib_a-__atexit.o)
                              /usr/lib/gcc/arm-none-eabi/10.3.1/../../../arm-none-eabi/lib/thumb/v7e-m+fp/hard/libc_nano.a(lib_a-atexit.o) (__register_exitproc)
/usr/lib/gcc/arm-none-eabi/10.3.1/../../../arm-none-eabi/lib/thumb/v7e-m+fp/hard/libc_nano.a(lib_a-__call_atexit.o)
                              /usr/lib/gcc/arm-none-eabi/10.3.1/../../../arm-none-eabi/lib/thumb/v7e-m+fp/hard/libc_nano.a(lib_a-__atexit.o) (__call_exitprocs)
/usr/lib/gcc/arm-none-eabi/10.3.1/../../../arm-none-eabi/lib/thumb/v7e-m+fp/hard/libc_nano.a(lib_a-dtoa.o)
                              /usr/lib/gcc/arm-none-eabi/10.3.1/../../../arm-none-eabi/lib/thumb/v7e-m+fp/hard/libc_nano.a(lib_a-nano-vfprintf_float.o) (_dtoa_r)
/usr/lib/gcc/arm-none-eabi/10.3.1/../../../arm-none-eabi/lib/thumb/v7e-m+fp/hard/libc_nano.a(lib_a-localeconv.o)
                              /usr/lib/gcc/arm-none-eabi/10.3.1/../../../arm-none-eabi/lib/thumb/v7e-m+fp/hard/libc_nano.a(lib_a-nano-vfprintf_float.o) (_localeconv_r)
/usr/lib/gcc/arm-none-eabi/10.3.1/../../../arm-none-eabi/lib/thumb/v7e-m+fp/hard/libc_nano.a(lib_a-memchr.o)
                              /usr/lib/gcc/arm-none-eabi/10.3.1/../../../arm-none-eabi/lib/thumb/v7e-m+fp/hard/libc_nano.a(lib_a-nano-vfprintf_i.o) (memchr)
/usr/lib/gcc/arm-none-eabi/10.3.1/../../../arm-none-eabi/lib/thumb/v7e-m+fp/hard/libc_nano.a(lib_a-memcpy.o)
                              /usr/lib/gcc/arm-none-eabi/10.3.1/../../../arm-none-eabi/lib/thumb/v7e-m+fp/hard/libc_nano.a(lib_a-dtoa.o) (memcpy)
/usr/lib/gcc/arm-none-eabi/10.3.1/../../../arm-none-eabi/lib/thumb/v7e-m+fp/hard/libc_nano.a(lib_a-mlock.o)
[...]
Memory Configuration

Name             Origin             Length             Attributes
RAM              0x0000000020000000 0x0000000000010000 xrw
FLASH            0x0000000008000000 0x0000000000040000 xr
*default*        0x0000000000000000 0xffffffffffffffff

Linker script and memory map

LOAD /usr/lib/gcc/arm-none-eabi/10.3.1/thumb/v7e-m+fp/hard/crti.o
LOAD /usr/lib/gcc/arm-none-eabi/10.3.1/thumb/v7e-m+fp/hard/crtbegin.o
LOAD /usr/lib/gcc/arm-none-eabi/10.3.1/../../../arm-none-eabi/lib/thumb/v7e-m+fp/hard/crt0.o
LOAD build/main.o
LOAD build/usart.o
LOAD build/usbd_conf.o
LOAD build/usbd_desc.o
LOAD build/usbd_audio_if.o
LOAD build/stm32f4xx_it.o
LOAD build/stm32f4xx_hal_pcd.o
LOAD build/stm32f4xx_hal_pcd_ex.o
LOAD build/stm32f4xx_ll_usb.o
LOAD build/stm32f4xx_hal_i2s.o
LOAD build/stm32f4xx_hal_i2s_ex.o
LOAD build/stm32f4xx_hal_tim.o
LOAD build/stm32f4xx_hal_tim_ex.o
LOAD build/stm32f4xx_hal_rcc.o
LOAD build/stm32f4xx_hal_rcc_ex.o
LOAD build/stm32f4xx_hal_flash.o
LOAD build/stm32f4xx_hal_flash_ex.o
LOAD build/stm32f4xx_hal_flash_ramfunc.o
LOAD build/stm32f4xx_hal_gpio.o
LOAD build/stm32f4xx_hal_dma_ex.o
LOAD build/stm32f4xx_hal_dma.o
LOAD build/stm32f4xx_hal_pwr.o
LOAD build/stm32f4xx_hal_uart.o
LOAD build/stm32f4xx_hal_pwr_ex.o
LOAD build/stm32f4xx_hal_cortex.o
LOAD build/stm32f4xx_hal.o
LOAD build/stm32f4xx_hal_exti.o
LOAD build/bsp_misc.o
LOAD build/bsp_audio.o
LOAD build/system_stm32f4xx.o
LOAD build/usbd_core.o
LOAD build/usbd_ctlreq.o
LOAD build/usbd_ioreq.o
LOAD build/usbd_audio.o
LOAD build/startup_stm32f401ccux.o
LOAD /usr/lib/gcc/arm-none-eabi/10.3.1/../../../arm-none-eabi/lib/thumb/v7e-m+fp/hard/libc_nano.a
LOAD /usr/lib/gcc/arm-none-eabi/10.3.1/../../../arm-none-eabi/lib/thumb/v7e-m+fp/hard/libm.a
LOAD /usr/lib/gcc/arm-none-eabi/10.3.1/../../../arm-none-eabi/lib/thumb/v7e-m+fp/hard/libnosys.a
START GROUP
LOAD /usr/lib/gcc/arm-none-eabi/10.3.1/thumb/v7e-m+fp/hard/libgcc.a
LOAD /usr/lib/gcc/arm-none-eabi/10.3.1/../../../arm-none-eabi/lib/thumb/v7e-m+fp/hard/libc_nano.a
END GROUP
START GROUP
LOAD /usr/lib/gcc/arm-none-eabi/10.3.1/thumb/v7e-m+fp/hard/libgcc.a
LOAD /usr/lib/gcc/arm-none-eabi/10.3.1/../../../arm-none-eabi/lib/thumb/v7e-m+fp/hard/libc_nano.a
END GROUP
LOAD /usr/lib/gcc/arm-none-eabi/10.3.1/thumb/v7e-m+fp/hard/crtend.o
LOAD /usr/lib/gcc/arm-none-eabi/10.3.1/thumb/v7e-m+fp/hard/crtn.o
                0x0000000020010000                _estack = (ORIGIN (RAM) + LENGTH (RAM))
                0x0000000000000200                _Min_Heap_Size = 0x200
                0x0000000000000400                _Min_Stack_Size = 0x400

.isr_vector     0x0000000008000000      0x194
                0x0000000008000000                . = ALIGN (0x4)
 *(.isr_vector)
 .isr_vector    0x0000000008000000      0x194 build/startup_stm32f401ccux.o
                0x0000000008000000                g_pfnVectors
                0x0000000008000194                . = ALIGN (0x4)

.text           0x00000000080001c0     0xa814
                0x00000000080001c0                . = ALIGN (0x4)
 *(.text)
 .text          0x00000000080001c0       0x88 /usr/lib/gcc/arm-none-eabi/10.3.1/thumb/v7e-m+fp/hard/crtbegin.o
 .text          0x0000000008000248       0x48 /usr/lib/gcc/arm-none-eabi/10.3.1/../../../arm-none-eabi/lib/thumb/v7e-m+fp/hard/libc_nano.a(lib_a-init.o)
                0x0000000008000248                __libc_init_array
 .text          0x0000000008000290       0x20 /usr/lib/gcc/arm-none-eabi/10.3.1/../../../arm-none-eabi/lib/thumb/v7e-m+fp/hard/libc_nano.a(lib_a-malloc.o)
                0x0000000008000290                malloc
                0x00000000080002a0                free
 .text          0x00000000080002b0       0xa4 /usr/lib/gcc/arm-none-eabi/10.3.1/../../../arm-none-eabi/lib/thumb/v7e-m+fp/hard/libc_nano.a(lib_a-memset.o)
                0x00000000080002b0                memset
 .text          0x0000000008000354       0xc4 /usr/lib/gcc/arm-none-eabi/10.3.1/../../../arm-none-eabi/lib/thumb/v7e-m+fp/hard/libc_nano.a(lib_a-nano-freer.o)
                0x0000000008000354                _free_r
 .text          0x0000000008000418       0xb4 /usr/lib/gcc/arm-none-eabi/10.3.1/../../../arm-none-eabi/lib/thumb/v7e-m+fp/hard/libc_nano.a(lib_a-nano-mallocr.o)
                0x0000000008000418                _malloc_r
 .text          0x00000000080004cc      0x6cc /usr/lib/gcc/arm-none-eabi/10.3.1/../../../arm-none-eabi/lib/thumb/v7e-m+fp/hard/libc_nano.a(lib_a-nano-vfprintf_float.o)
                0x00000000080004cc                __cvt
                0x00000000080005c8                __exponent
                0x0000000008000664                _printf_float
 .text          0x0000000008000b98      0x3dc /usr/lib/gcc/arm-none-eabi/10.3.1/../../../arm-none-eabi/lib/thumb/v7e-m+fp/hard/libc_nano.a(lib_a-nano-vfprintf_i.o)
                0x0000000008000b98                _printf_common
                0x0000000008000cc4                _printf_i
 .text          0x0000000008000f74       0x24 /usr/lib/gcc/arm-none-eabi/10.3.1/../../../arm-none-eabi/lib/thumb/v7e-m+fp/hard/libc_nano.a(lib_a-sbrkr.o)
                0x0000000008000f74                _sbrk_r
 *fill*         0x0000000008000f98       0x28 
 .text          0x0000000008000fc0       0xdc /usr/lib/gcc/arm-none-eabi/10.3.1/../../../arm-none-eabi/lib/thumb/v7e-m+fp/hard/libc_nano.a(lib_a-strlen.o)
                0x0000000008000fc0                strlen
 .text          0x000000000800109c       0x60 /usr/lib/gcc/arm-none-eabi/10.3.1/../../../arm-none-eabi/lib/thumb/v7e-m+fp/hard/libc_nano.a(lib_a-vsprintf.o)
                0x000000000800109c                vsprintf
                0x000000000800109c                vsiprintf
                0x00000000080010d4                _vsiprintf_r
                0x00000000080010d4                _vsprintf_r
 *fill*         0x00000000080010fc        0x4 
 .text          0x0000000008001100     0x10a4 /usr/lib/gcc/arm-none-eabi/10.3.1/../../../arm-none-eabi/lib/thumb/v7e-m+fp/hard/libc_nano.a(lib_a-dtoa.o)
                0x0000000008001228                _dtoa_r
 .text          0x00000000080021a4       0x14 /usr/lib/gcc/arm-none-eabi/10.3.1/../../../arm-none-eabi/lib/thumb/v7e-m+fp/hard/libc_nano.a(lib_a-localeconv.o)
                0x00000000080021a4                __localeconv_l
                0x00000000080021a8                _localeconv_r
                0x00000000080021b0                localeconv
 *fill*         0x00000000080021b8        0x8 
 .text          0x00000000080021c0       0xa0 /usr/lib/gcc/arm-none-eabi/10.3.1/../../../arm-none-eabi/lib/thumb/v7e-m+fp/hard/libc_nano.a(lib_a-memchr.o)
                0x00000000080021c0                memchr
 .text          0x0000000008002260      0x134 /usr/lib/gcc/arm-none-eabi/10.3.1/../../../arm-none-eabi/lib/thumb/v7e-m+fp/hard/libc_nano.a(lib_a-memcpy.o)
                0x0000000008002260                memcpy
 .text          0x0000000008002394        0x8 /usr/lib/gcc/arm-none-eabi/10.3.1/../../../arm-none-eabi/lib/thumb/v7e-m+fp/hard/libc_nano.a(lib_a-mlock.o)
                0x0000000008002394                __malloc_lock
                0x0000000008002398                __malloc_unlock
 .text          0x000000000800239c      0xaec /usr/lib/gcc/arm-none-eabi/10.3.1/../../../arm-none-eabi/lib/thumb/v7e-m+fp/hard/libc_nano.a(lib_a-mprec.o)
                0x000000000800239c                _Balloc
                0x000000000800241c                _Bfree
                0x0000000008002464                __multadd
                0x0000000008002508                __s2b
                0x00000000080025bc                __hi0bits
                0x00000000080025fc                __lo0bits
                0x000000000800265c                __i2b
                0x0000000008002688                __multiply
                0x00000000080027e4                __pow5mult
                0x00000000080028c4                __lshift
                0x00000000080029ac                __mcmp
                0x00000000080029f0                __mdiff
                0x0000000008002b3c                __ulp
                0x0000000008002b9c                __b2d
                0x0000000008002c5c                __d2b
                0x0000000008002d2c                __ratio
                0x0000000008002d88                _mprec_log10
                0x0000000008002dc8                __copybits
                0x0000000008002e24                __any_on
 .text          0x0000000008002e88       0x1c /usr/lib/gcc/arm-none-eabi/10.3.1/../../../arm-none-eabi/lib/thumb/v7e-m+fp/hard/libc_nano.a(lib_a-nano-callocr.o)
                0x0000000008002e88                _calloc_r
 .text          0x0000000008002ea4      0x3f0 /usr/lib/gcc/arm-none-eabi/10.3.1/../../../arm-none-eabi/lib/thumb/v7e-m+fp/hard/libc_nano.a(lib_a-nano-svfprintf.o)
                0x0000000008002ea4                __ssputs_r
                0x0000000008002f68                __ssprint_r
                0x0000000008003060                _svfprintf_r
                0x0000000008003060                _svfiprintf_r
 .text          0x0000000008003294       0x4c /usr/lib/gcc/arm-none-eabi/10.3.1/../../../arm-none-eabi/lib/thumb/v7e-m+fp/hard/libc_nano.a(lib_a-assert.o)
                0x0000000008003294                __assert_func
                0x00000000080032d4                __assert
 .text          0x00000000080032e0       0x44 /usr/lib/gcc/arm-none-eabi/10.3.1/../../../arm-none-eabi/lib/thumb/v7e-m+fp/hard/libc_nano.a(lib_a-fprintf.o)
                0x00000000080032e0                _fprintf_r
                0x00000000080032e0                _fiprintf_r
                0x00000000080032fc                fprintf
                0x00000000080032fc                fiprintf
 .text          0x0000000008003324       0x40 /usr/lib/gcc/arm-none-eabi/10.3.1/../../../arm-none-eabi/lib/thumb/v7e-m+fp/hard/libc_nano.a(lib_a-mbtowc_r.o)
                0x0000000008003324                _mbtowc_r
                0x0000000008003338                __ascii_mbtowc
 .text          0x0000000008003364       0xf8 /usr/lib/gcc/arm-none-eabi/10.3.1/../../../arm-none-eabi/lib/thumb/v7e-m+fp/hard/libc_nano.a(lib_a-memmove.o)
                0x0000000008003364                memmove
 .text          0x000000000800345c       0x50 /usr/lib/gcc/arm-none-eabi/10.3.1/../../../arm-none-eabi/lib/thumb/v7e-m+fp/hard/libc_nano.a(lib_a-nano-reallocr.o)
                0x000000000800345c                _realloc_r
 .text          0x00000000080034ac      0x328 /usr/lib/gcc/arm-none-eabi/10.3.1/../../../arm-none-eabi/lib/thumb/v7e-m+fp/hard/libc_nano.a(lib_a-nano-vfprintf.o)
                0x00000000080034e8                __sfputs_r
                0x0000000008003518                __sprint_r
                0x0000000008003534                _vfiprintf_r
                0x0000000008003534                _vfprintf_r
                0x00000000080037b8                vfiprintf
                0x00000000080037b8                vfprintf
 .text          0x00000000080037d4       0xc8 /usr/lib/gcc/arm-none-eabi/10.3.1/../../../arm-none-eabi/lib/thumb/v7e-m+fp/hard/libc_nano.a(lib_a-wbuf.o)
                0x00000000080037d4                __swbuf_r
                0x0000000008003884                __swbuf
 .text          0x000000000800389c       0x30 /usr/lib/gcc/arm-none-eabi/10.3.1/../../../arm-none-eabi/lib/thumb/v7e-m+fp/hard/libc_nano.a(lib_a-wctomb_r.o)
                0x000000000800389c                _wctomb_r
                0x00000000080038b0                __ascii_wctomb
 .text          0x00000000080038cc      0x104 /usr/lib/gcc/arm-none-eabi/10.3.1/../../../arm-none-eabi/lib/thumb/v7e-m+fp/hard/libc_nano.a(lib_a-wsetup.o)
                0x00000000080038cc                __swsetup_r
 .text          0x00000000080039d0       0x10 /usr/lib/gcc/arm-none-eabi/10.3.1/../../../arm-none-eabi/lib/thumb/v7e-m+fp/hard/libc_nano.a(lib_a-abort.o)
                0x00000000080039d0                abort
 .text          0x00000000080039e0      0x1e8 /usr/lib/gcc/arm-none-eabi/10.3.1/../../../arm-none-eabi/lib/thumb/v7e-m+fp/hard/libc_nano.a(lib_a-fflush.o)
                0x00000000080039e0                __sflush_r
                0x0000000008003af4                _fflush_r
                0x0000000008003b48                fflush
 .text          0x0000000008003bc8      0x238 /usr/lib/gcc/arm-none-eabi/10.3.1/../../../arm-none-eabi/lib/thumb/v7e-m+fp/hard/libc_nano.a(lib_a-findfp.o)
                0x0000000008003bcc                _cleanup_r
                0x0000000008003bdc                __sfmoreglue
                0x0000000008003c0c                __sfp
                0x0000000008003dac                _cleanup
                0x0000000008003dc0                __sinit
                0x0000000008003dc8                __sfp_lock_acquire
                0x0000000008003dcc                __sfp_lock_release
                0x0000000008003dd0                __sinit_lock_acquire
                0x0000000008003dd4                __sinit_lock_release
                0x0000000008003dd8                __fp_lock_all
                0x0000000008003dec                __fp_unlock_all
 .text          0x0000000008003e00      0x2f0 /usr/lib/gcc/arm-none-eabi/10.3.1/../../../arm-none-eabi/lib/thumb/v7e-m+fp/hard/libc_nano.a(lib_a-fvwrite.o)
                0x0000000008003e00                __sfvwrite_r
 .text          0x00000000080040f0       0x88 /usr/lib/gcc/arm-none-eabi/10.3.1/../../../arm-none-eabi/lib/thumb/v7e-m+fp/hard/libc_nano.a(lib_a-fwalk.o)
                0x00000000080040f0                _fwalk
                0x0000000008004130                _fwalk_reent
 .text          0x0000000008004178      0x11c /usr/lib/gcc/arm-none-eabi/10.3.1/../../../arm-none-eabi/lib/thumb/v7e-m+fp/hard/libc_nano.a(lib_a-makebuf.o)
                0x0000000008004178                __smakebuf_r
                0x0000000008004238                __swhatbuf_r
 .text          0x0000000008004294       0x14 /usr/lib/gcc/arm-none-eabi/10.3.1/../../../arm-none-eabi/lib/thumb/v7e-m+fp/hard/libc_nano.a(lib_a-nano-msizer.o)
                0x0000000008004294                _malloc_usable_size_r
 .text          0x00000000080042a8      0x268 /usr/lib/gcc/arm-none-eabi/10.3.1/../../../arm-none-eabi/lib/thumb/v7e-m+fp/hard/libc_nano.a(lib_a-signal.o)
                0x00000000080042a8                _init_signal_r
                0x00000000080042d4                _signal_r
                0x000000000800431c                _raise_r
                0x0000000008004370                __sigtramp_r
                0x00000000080043d0                raise
                0x0000000008004428                signal
                0x0000000008004478                _init_signal
                0x00000000080044ac                __sigtramp
 .text          0x0000000008004510       0x30 /usr/lib/gcc/arm-none-eabi/10.3.1/../../../arm-none-eabi/lib/thumb/v7e-m+fp/hard/libc_nano.a(lib_a-signalr.o)
                0x0000000008004510                _kill_r
                0x000000000800453c                _getpid_r
 .text          0x0000000008004540       0x90 /usr/lib/gcc/arm-none-eabi/10.3.1/../../../arm-none-eabi/lib/thumb/v7e-m+fp/hard/libc_nano.a(lib_a-stdio.o)
                0x0000000008004540                __sread
                0x0000000008004564                __seofread
                0x0000000008004568                __swrite
                0x00000000080045a8                __sseek
                0x00000000080045c8                __sclose
 .text          0x00000000080045d0       0x2c /usr/lib/gcc/arm-none-eabi/10.3.1/../../../arm-none-eabi/lib/thumb/v7e-m+fp/hard/libc_nano.a(lib_a-writer.o)
                0x00000000080045d0                _write_r
 .text          0x00000000080045fc       0x24 /usr/lib/gcc/arm-none-eabi/10.3.1/../../../arm-none-eabi/lib/thumb/v7e-m+fp/hard/libc_nano.a(lib_a-closer.o)
                0x00000000080045fc                _close_r
 .text          0x0000000008004620       0x2c /usr/lib/gcc/arm-none-eabi/10.3.1/../../../arm-none-eabi/lib/thumb/v7e-m+fp/hard/libc_nano.a(lib_a-fstatr.o)
                0x0000000008004620                _fstat_r
 .text          0x000000000800464c       0x24 /usr/lib/gcc/arm-none-eabi/10.3.1/../../../arm-none-eabi/lib/thumb/v7e-m+fp/hard/libc_nano.a(lib_a-isattyr.o)
                0x000000000800464c                _isatty_r
 .text          0x0000000008004670       0x2c /usr/lib/gcc/arm-none-eabi/10.3.1/../../../arm-none-eabi/lib/thumb/v7e-m+fp/hard/libc_nano.a(lib_a-lseekr.o)
                0x0000000008004670                _lseek_r
 .text          0x000000000800469c       0x2c /usr/lib/gcc/arm-none-eabi/10.3.1/../../../arm-none-eabi/lib/thumb/v7e-m+fp/hard/libc_nano.a(lib_a-readr.o)
                0x000000000800469c                _read_r
 .text          0x00000000080046c8       0x10 /usr/lib/gcc/arm-none-eabi/10.3.1/../../../arm-none-eabi/lib/thumb/v7e-m+fp/hard/libnosys.a(close.o)
                0x00000000080046c8                _close
 .text          0x00000000080046d8       0x10 /usr/lib/gcc/arm-none-eabi/10.3.1/../../../arm-none-eabi/lib/thumb/v7e-m+fp/hard/libnosys.a(fstat.o)
                0x00000000080046d8                _fstat
 .text          0x00000000080046e8       0x10 /usr/lib/gcc/arm-none-eabi/10.3.1/../../../arm-none-eabi/lib/thumb/v7e-m+fp/hard/libnosys.a(getpid.o)
                0x00000000080046e8                _getpid
 .text          0x00000000080046f8       0x10 /usr/lib/gcc/arm-none-eabi/10.3.1/../../../arm-none-eabi/lib/thumb/v7e-m+fp/hard/libnosys.a(isatty.o)
                0x00000000080046f8                _isatty
 .text          0x0000000008004708       0x10 /usr/lib/gcc/arm-none-eabi/10.3.1/../../../arm-none-eabi/lib/thumb/v7e-m+fp/hard/libnosys.a(kill.o)
                0x0000000008004708                _kill
 .text          0x0000000008004718       0x10 /usr/lib/gcc/arm-none-eabi/10.3.1/../../../arm-none-eabi/lib/thumb/v7e-m+fp/hard/libnosys.a(lseek.o)
                0x0000000008004718                _lseek
 .text          0x0000000008004728       0x10 /usr/lib/gcc/arm-none-eabi/10.3.1/../../../arm-none-eabi/lib/thumb/v7e-m+fp/hard/libnosys.a(read.o)
                0x0000000008004728                _read
 .text          0x0000000008004738       0x1c /usr/lib/gcc/arm-none-eabi/10.3.1/../../../arm-none-eabi/lib/thumb/v7e-m+fp/hard/libnosys.a(sbrk.o)
                0x0000000008004738                _sbrk
 .text          0x0000000008004754       0x10 /usr/lib/gcc/arm-none-eabi/10.3.1/../../../arm-none-eabi/lib/thumb/v7e-m+fp/hard/libnosys.a(write.o)
                0x0000000008004754                _write
 .text          0x0000000008004764        0x4 /usr/lib/gcc/arm-none-eabi/10.3.1/../../../arm-none-eabi/lib/thumb/v7e-m+fp/hard/libnosys.a(_exit.o)
                0x0000000008004764                _exit
 .text          0x0000000008004768      0x378 /usr/lib/gcc/arm-none-eabi/10.3.1/thumb/v7e-m+fp/hard/libgcc.a(_arm_addsubdf3.o)
                0x0000000008004768                __aeabi_drsub
                0x0000000008004770                __aeabi_dsub
                0x0000000008004770                __subdf3
                0x0000000008004774                __adddf3
                0x0000000008004774                __aeabi_dadd
                0x00000000080049ec                __aeabi_ui2d
                0x00000000080049ec                __floatunsidf
                0x0000000008004a0c                __floatsidf
                0x0000000008004a0c                __aeabi_i2d
                0x0000000008004a30                __extendsfdf2
                0x0000000008004a30                __aeabi_f2d
                0x0000000008004a74                __aeabi_ul2d
                0x0000000008004a74                __floatundidf
                0x0000000008004a84                __floatdidf
                0x0000000008004a84                __aeabi_l2d
 .text          0x0000000008004ae0      0x424 /usr/lib/gcc/arm-none-eabi/10.3.1/thumb/v7e-m+fp/hard/libgcc.a(_arm_muldivdf3.o)
                0x0000000008004ae0                __aeabi_dmul
                0x0000000008004ae0                __muldf3
                0x0000000008004d34                __aeabi_ddiv
                0x0000000008004d34                __divdf3
 .text          0x0000000008004f04      0x110 /usr/lib/gcc/arm-none-eabi/10.3.1/thumb/v7e-m+fp/hard/libgcc.a(_arm_cmpdf2.o)
                0x0000000008004f04                __gtdf2
                0x0000000008004f04                __gedf2
                0x0000000008004f0c                __ltdf2
                0x0000000008004f0c                __ledf2
                0x0000000008004f14                __cmpdf2
                0x0000000008004f14                __eqdf2
                0x0000000008004f14                __nedf2
                0x0000000008004f90                __aeabi_cdrcmple
                0x0000000008004fa0                __aeabi_cdcmple
                0x0000000008004fa0                __aeabi_cdcmpeq
                0x0000000008004fb0                __aeabi_dcmpeq
                0x0000000008004fc4                __aeabi_dcmplt
                0x0000000008004fd8                __aeabi_dcmple
                0x0000000008004fec                __aeabi_dcmpge
                0x0000000008005000                __aeabi_dcmpgt
 .text          0x0000000008005014       0x2c /usr/lib/gcc/arm-none-eabi/10.3.1/thumb/v7e-m+fp/hard/libgcc.a(_arm_unorddf2.o)
                0x0000000008005014                __aeabi_dcmpun
                0x0000000008005014                __unorddf2
 .text          0x0000000008005040       0x50 /usr/lib/gcc/arm-none-eabi/10.3.1/thumb/v7e-m+fp/hard/libgcc.a(_arm_fixdfsi.o)
                0x0000000008005040                __fixdfsi
                0x0000000008005040                __aeabi_d2iz
 .text          0x0000000008005090       0x30 /usr/lib/gcc/arm-none-eabi/10.3.1/thumb/v7e-m+fp/hard/libgcc.a(_aeabi_uldivmod.o)
                0x0000000008005090                __aeabi_uldivmod
 .text          0x00000000080050c0      0x2d0 /usr/lib/gcc/arm-none-eabi/10.3.1/thumb/v7e-m+fp/hard/libgcc.a(_udivmoddi4.o)
                0x00000000080050c0                __udivmoddi4
 .text          0x0000000008005390        0x4 /usr/lib/gcc/arm-none-eabi/10.3.1/thumb/v7e-m+fp/hard/libgcc.a(_dvmd_tls.o)
                0x0000000008005390                __aeabi_ldiv0
                0x0000000008005390                __aeabi_idiv0
 *(.text*)
 .text.printMsg
                0x0000000008005394       0x38 build/main.o
                0x0000000008005394                printMsg
 .text.Error_Handler
                0x00000000080053cc       0x10 build/main.o
                0x00000000080053cc                Error_Handler
 .text.SystemClock_Config
                0x00000000080053dc       0xc0 build/main.o
                0x00000000080053dc                SystemClock_Config
 .text.startup.main
                0x000000000800549c      0x170 build/main.o
                0x000000000800549c                main
 .text.assert_failed
                0x000000000800560c       0x10 build/main.o
                0x000000000800560c                assert_failed
 .text.MX_USART2_UART_Init
                0x000000000800561c       0x38 build/usart.o
                0x000000000800561c                MX_USART2_UART_Init
 .text.HAL_UART_MspInit
                0x0000000008005654       0x70 build/usart.o
                0x0000000008005654                HAL_UART_MspInit
 .text.HAL_PCD_MspInit
                0x00000000080056c4       0x70 build/usbd_conf.o
                0x00000000080056c4                HAL_PCD_MspInit
 .text.HAL_PCD_SetupStageCallback
                0x0000000008005734        0xc build/usbd_conf.o
                0x0000000008005734                HAL_PCD_SetupStageCallback
 .text.HAL_PCD_DataOutStageCallback
                0x0000000008005740       0x14 build/usbd_conf.o
                0x0000000008005740                HAL_PCD_DataOutStageCallback
 .text.HAL_PCD_DataInStageCallback
                0x0000000008005754       0x14 build/usbd_conf.o
                0x0000000008005754                HAL_PCD_DataInStageCallback
 .text.HAL_PCD_SOFCallback
                0x0000000008005768        0x8 build/usbd_conf.o
                0x0000000008005768                HAL_PCD_SOFCallback
 .text.HAL_PCD_ResetCallback
                0x0000000008005770       0x28 build/usbd_conf.o
                0x0000000008005770                HAL_PCD_ResetCallback
 .text.HAL_PCD_SuspendCallback
                0x0000000008005798        0x8 build/usbd_conf.o
                0x0000000008005798                HAL_PCD_SuspendCallback
 .text.HAL_PCD_ResumeCallback
                0x00000000080057a0        0x8 build/usbd_conf.o
                0x00000000080057a0                HAL_PCD_ResumeCallback
 .text.HAL_PCD_ISOOUTIncompleteCallback
                0x00000000080057a8        0x8 build/usbd_conf.o
                0x00000000080057a8                HAL_PCD_ISOOUTIncompleteCallback
 .text.HAL_PCD_ISOINIncompleteCallback
                0x00000000080057b0        0x8 build/usbd_conf.o
                0x00000000080057b0                HAL_PCD_ISOINIncompleteCallback
 .text.HAL_PCD_ConnectCallback
                0x00000000080057b8        0x8 build/usbd_conf.o
                0x00000000080057b8                HAL_PCD_ConnectCallback
 .text.HAL_PCD_DisconnectCallback
                0x00000000080057c0        0x8 build/usbd_conf.o
                0x00000000080057c0                HAL_PCD_DisconnectCallback
 .text.USBD_LL_Init
                0x00000000080057c8       0x58 build/usbd_conf.o
                0x00000000080057c8                USBD_LL_Init
 .text.USBD_LL_Start
                0x0000000008005820       0x10 build/usbd_conf.o
                0x0000000008005820                USBD_LL_Start
 .text.USBD_LL_OpenEP
                0x0000000008005830       0x14 build/usbd_conf.o
                0x0000000008005830                USBD_LL_OpenEP
 .text.USBD_LL_CloseEP
                0x0000000008005844       0x10 build/usbd_conf.o
                0x0000000008005844                USBD_LL_CloseEP
 .text.USBD_LL_FlushEP
                0x0000000008005854       0x10 build/usbd_conf.o
                0x0000000008005854                USBD_LL_FlushEP
 .text.USBD_LL_StallEP
                0x0000000008005864       0x10 build/usbd_conf.o
                0x0000000008005864                USBD_LL_StallEP
 .text.USBD_LL_ClearStallEP
                0x0000000008005874       0x10 build/usbd_conf.o
                0x0000000008005874                USBD_LL_ClearStallEP
 .text.USBD_LL_IsStallEP
                0x0000000008005884       0x28 build/usbd_conf.o
                0x0000000008005884                USBD_LL_IsStallEP
 .text.USBD_LL_SetUSBAddress
                0x00000000080058ac       0x10 build/usbd_conf.o
                0x00000000080058ac                USBD_LL_SetUSBAddress
 .text.USBD_LL_Transmit
                0x00000000080058bc       0x10 build/usbd_conf.o
                0x00000000080058bc                USBD_LL_Transmit
 .text.USBD_LL_PrepareReceive
                0x00000000080058cc       0x10 build/usbd_conf.o
                0x00000000080058cc                USBD_LL_PrepareReceive
 .text.USBD_LL_GetRxDataSize
                0x00000000080058dc        0x8 build/usbd_conf.o
                0x00000000080058dc                USBD_LL_GetRxDataSize
 .text.USBD_AUDIO_DeviceDescriptor
                0x00000000080058e4        0xc build/usbd_desc.o
                0x00000000080058e4                USBD_AUDIO_DeviceDescriptor
 .text.USBD_AUDIO_LangIDStrDescriptor
                0x00000000080058f0        0xc build/usbd_desc.o
                0x00000000080058f0                USBD_AUDIO_LangIDStrDescriptor
 .text.USBD_AUDIO_ManufacturerStrDescriptor
                0x00000000080058fc       0x1c build/usbd_desc.o
                0x00000000080058fc                USBD_AUDIO_ManufacturerStrDescriptor
 .text.USBD_AUDIO_ProductStrDescriptor
                0x0000000008005918       0x1c build/usbd_desc.o
                0x0000000008005918                USBD_AUDIO_ProductStrDescriptor
 .text.USBD_AUDIO_ConfigStrDescriptor
                0x0000000008005934       0x1c build/usbd_desc.o
                0x0000000008005934                USBD_AUDIO_ConfigStrDescriptor
 .text.USBD_AUDIO_InterfaceStrDescriptor
                0x0000000008005950       0x1c build/usbd_desc.o
                0x0000000008005950                USBD_AUDIO_InterfaceStrDescriptor
 .text.USBD_AUDIO_SerialStrDescriptor
                0x000000000800596c       0x8c build/usbd_desc.o
                0x000000000800596c                USBD_AUDIO_SerialStrDescriptor
 .text.Audio_VolumeCtl
                0x00000000080059f8        0x4 build/usbd_audio_if.o
 .text.Audio_PeriodicTC
                0x00000000080059fc        0x4 build/usbd_audio_if.o
 .text.Audio_GetState
                0x0000000008005a00        0x4 build/usbd_audio_if.o
 .text.Audio_MuteCtl
                0x0000000008005a04        0xc build/usbd_audio_if.o
 .text.Audio_PlaybackCmd
                0x0000000008005a10       0x2c build/usbd_audio_if.o
 .text.Audio_DeInit
                0x0000000008005a3c       0x14 build/usbd_audio_if.o
 .text.Audio_Init
                0x0000000008005a50       0x18 build/usbd_audio_if.o
 .text.BSP_AUDIO_OUT_TransferComplete_CallBack
                0x0000000008005a68        0xc build/usbd_audio_if.o
                0x0000000008005a68                BSP_AUDIO_OUT_TransferComplete_CallBack
 .text.BSP_AUDIO_OUT_HalfTransfer_CallBack
                0x0000000008005a74        0xc build/usbd_audio_if.o
                0x0000000008005a74                BSP_AUDIO_OUT_HalfTransfer_CallBack
 .text.NMI_Handler
                0x0000000008005a80        0x4 build/stm32f4xx_it.o
                0x0000000008005a80                NMI_Handler
 .text.HardFault_Handler
                0x0000000008005a84        0x4 build/stm32f4xx_it.o
                0x0000000008005a84                HardFault_Handler
 .text.MemManage_Handler
                0x0000000008005a88        0x4 build/stm32f4xx_it.o
                0x0000000008005a88                MemManage_Handler
 .text.BusFault_Handler
                0x0000000008005a8c        0x4 build/stm32f4xx_it.o
                0x0000000008005a8c                BusFault_Handler
 .text.UsageFault_Handler
                0x0000000008005a90        0x4 build/stm32f4xx_it.o
                0x0000000008005a90                UsageFault_Handler
 .text.SVC_Handler
                0x0000000008005a94        0x4 build/stm32f4xx_it.o
                0x0000000008005a94                SVC_Handler
 .text.DebugMon_Handler
                0x0000000008005a98        0x4 build/stm32f4xx_it.o
                0x0000000008005a98                DebugMon_Handler
 .text.PendSV_Handler
                0x0000000008005a9c        0x4 build/stm32f4xx_it.o
                0x0000000008005a9c                PendSV_Handler
 .text.SysTick_Handler
                0x0000000008005aa0        0x4 build/stm32f4xx_it.o
                0x0000000008005aa0                SysTick_Handler
 .text.EXTI0_IRQHandler
                0x0000000008005aa4        0x8 build/stm32f4xx_it.o
                0x0000000008005aa4                EXTI0_IRQHandler
 .text.DMA1_Stream4_IRQHandler
                0x0000000008005aac        0xc build/stm32f4xx_it.o
                0x0000000008005aac                DMA1_Stream4_IRQHandler
 .text.OTG_FS_IRQHandler
                0x0000000008005ab8        0xc build/stm32f4xx_it.o
                0x0000000008005ab8                OTG_FS_IRQHandler
 .text.HAL_PCD_Init
                0x0000000008005ac4      0x134 build/stm32f4xx_hal_pcd.o
                0x0000000008005ac4                HAL_PCD_Init
 .text.HAL_PCD_Start
                0x0000000008005bf8       0x40 build/stm32f4xx_hal_pcd.o
                0x0000000008005bf8                HAL_PCD_Start
 .text.HAL_PCD_IRQHandler
                0x0000000008005c38      0x64c build/stm32f4xx_hal_pcd.o
                0x0000000008005c38                HAL_PCD_IRQHandler
 .text.HAL_PCD_SetAddress
                0x0000000008006284       0x28 build/stm32f4xx_hal_pcd.o
                0x0000000008006284                HAL_PCD_SetAddress
 .text.HAL_PCD_EP_Open
                0x00000000080062ac       0x7c build/stm32f4xx_hal_pcd.o
                0x00000000080062ac                HAL_PCD_EP_Open
 .text.HAL_PCD_EP_Close
                0x0000000008006328       0x5c build/stm32f4xx_hal_pcd.o
                0x0000000008006328                HAL_PCD_EP_Close
 .text.HAL_PCD_EP_Receive
                0x0000000008006384       0x50 build/stm32f4xx_hal_pcd.o
                0x0000000008006384                HAL_PCD_EP_Receive
 .text.HAL_PCD_EP_GetRxCount
                0x00000000080063d4       0x14 build/stm32f4xx_hal_pcd.o
                0x00000000080063d4                HAL_PCD_EP_GetRxCount
 .text.HAL_PCD_EP_Transmit
                0x00000000080063e8       0x50 build/stm32f4xx_hal_pcd.o
                0x00000000080063e8                HAL_PCD_EP_Transmit
 .text.HAL_PCD_EP_SetStall
                0x0000000008006438       0x88 build/stm32f4xx_hal_pcd.o
                0x0000000008006438                HAL_PCD_EP_SetStall
 .text.HAL_PCD_EP_ClrStall
                0x00000000080064c0       0x70 build/stm32f4xx_hal_pcd.o
                0x00000000080064c0                HAL_PCD_EP_ClrStall
 .text.HAL_PCD_EP_Flush
                0x0000000008006530       0x38 build/stm32f4xx_hal_pcd.o
                0x0000000008006530                HAL_PCD_EP_Flush
 .text.HAL_PCDEx_SetTxFiFo
                0x0000000008006568       0x54 build/stm32f4xx_hal_pcd_ex.o
                0x0000000008006568                HAL_PCDEx_SetTxFiFo
 .text.HAL_PCDEx_SetRxFiFo
                0x00000000080065bc        0x8 build/stm32f4xx_hal_pcd_ex.o
                0x00000000080065bc                HAL_PCDEx_SetRxFiFo
 .text.HAL_PCDEx_LPM_Callback
                0x00000000080065c4        0x4 build/stm32f4xx_hal_pcd_ex.o
                0x00000000080065c4                HAL_PCDEx_LPM_Callback
 .text.USB_CoreInit
                0x00000000080065c8       0xd4 build/stm32f4xx_ll_usb.o
                0x00000000080065c8                USB_CoreInit
 .text.USB_SetTurnaroundTime
                0x000000000800669c       0xf4 build/stm32f4xx_ll_usb.o
                0x000000000800669c                USB_SetTurnaroundTime
 .text.USB_EnableGlobalInt
                0x0000000008006790       0x10 build/stm32f4xx_ll_usb.o
                0x0000000008006790                USB_EnableGlobalInt
 .text.USB_DisableGlobalInt
                0x00000000080067a0       0x10 build/stm32f4xx_ll_usb.o
                0x00000000080067a0                USB_DisableGlobalInt
 .text.USB_SetCurrentMode
                0x00000000080067b0       0x30 build/stm32f4xx_ll_usb.o
                0x00000000080067b0                USB_SetCurrentMode
 .text.USB_DevInit
                0x00000000080067e0      0x1b8 build/stm32f4xx_ll_usb.o
                0x00000000080067e0                USB_DevInit
 .text.USB_FlushTxFifo
                0x0000000008006998       0x24 build/stm32f4xx_ll_usb.o
                0x0000000008006998                USB_FlushTxFifo
 .text.USB_FlushRxFifo
                0x00000000080069bc       0x20 build/stm32f4xx_ll_usb.o
                0x00000000080069bc                USB_FlushRxFifo
 .text.USB_GetDevSpeed
                0x00000000080069dc       0x18 build/stm32f4xx_ll_usb.o
                0x00000000080069dc                USB_GetDevSpeed
 .text.USB_ActivateEndpoint
                0x00000000080069f4       0x98 build/stm32f4xx_ll_usb.o
                0x00000000080069f4                USB_ActivateEndpoint
 .text.USB_DeactivateEndpoint
                0x0000000008006a8c       0xc4 build/stm32f4xx_ll_usb.o
                0x0000000008006a8c                USB_DeactivateEndpoint
 .text.USB_EPStartXfer
                0x0000000008006b50      0x218 build/stm32f4xx_ll_usb.o
                0x0000000008006b50                USB_EPStartXfer
 .text.USB_EP0StartXfer
                0x0000000008006d68      0x100 build/stm32f4xx_ll_usb.o
                0x0000000008006d68                USB_EP0StartXfer
 .text.USB_WritePacket
                0x0000000008006e68       0x2c build/stm32f4xx_ll_usb.o
                0x0000000008006e68                USB_WritePacket
 .text.USB_ReadPacket
                0x0000000008006e94       0x20 build/stm32f4xx_ll_usb.o
                0x0000000008006e94                USB_ReadPacket
 .text.USB_EPSetStall
                0x0000000008006eb4       0x5c build/stm32f4xx_ll_usb.o
                0x0000000008006eb4                USB_EPSetStall
 .text.USB_EPClearStall
                0x0000000008006f10       0x58 build/stm32f4xx_ll_usb.o
                0x0000000008006f10                USB_EPClearStall
 .text.USB_SetDevAddress
                0x0000000008006f68       0x20 build/stm32f4xx_ll_usb.o
                0x0000000008006f68                USB_SetDevAddress
 .text.USB_DevConnect
                0x0000000008006f88       0x20 build/stm32f4xx_ll_usb.o
                0x0000000008006f88                USB_DevConnect
 .text.USB_DevDisconnect
                0x0000000008006fa8       0x20 build/stm32f4xx_ll_usb.o
                0x0000000008006fa8                USB_DevDisconnect
 .text.USB_ReadInterrupts
                0x0000000008006fc8        0x8 build/stm32f4xx_ll_usb.o
                0x0000000008006fc8                USB_ReadInterrupts
 .text.USB_ReadDevAllOutEpInterrupt
                0x0000000008006fd0       0x10 build/stm32f4xx_ll_usb.o
                0x0000000008006fd0                USB_ReadDevAllOutEpInterrupt
 .text.USB_ReadDevAllInEpInterrupt
                0x0000000008006fe0       0x10 build/stm32f4xx_ll_usb.o
                0x0000000008006fe0                USB_ReadDevAllInEpInterrupt
 .text.USB_ReadDevOutEPInterrupt
                0x0000000008006ff0       0x14 build/stm32f4xx_ll_usb.o
                0x0000000008006ff0                USB_ReadDevOutEPInterrupt
 .text.USB_ReadDevInEPInterrupt
                0x0000000008007004       0x20 build/stm32f4xx_ll_usb.o
                0x0000000008007004                USB_ReadDevInEPInterrupt
 .text.USB_GetMode
                0x0000000008007024        0x8 build/stm32f4xx_ll_usb.o
                0x0000000008007024                USB_GetMode
 .text.USB_ActivateSetup
                0x000000000800702c       0x24 build/stm32f4xx_ll_usb.o
                0x000000000800702c                USB_ActivateSetup
 .text.USB_EP0_OutStart
                0x0000000008007050       0x58 build/stm32f4xx_ll_usb.o
                0x0000000008007050                USB_EP0_OutStart
 .text.HAL_I2S_MspInit
                0x00000000080070a8        0x4 build/stm32f4xx_hal_i2s.o
                0x00000000080070a8                HAL_I2S_MspInit
 .text.HAL_I2S_Init
                0x00000000080070ac      0x218 build/stm32f4xx_hal_i2s.o
                0x00000000080070ac                HAL_I2S_Init
 .text.HAL_I2S_MspDeInit
                0x00000000080072c4        0x4 build/stm32f4xx_hal_i2s.o
                0x00000000080072c4                HAL_I2S_MspDeInit
 .text.HAL_I2S_DeInit
                0x00000000080072c8       0x54 build/stm32f4xx_hal_i2s.o
                0x00000000080072c8                HAL_I2S_DeInit
 .text.HAL_I2S_Transmit_DMA
                0x000000000800731c       0xc4 build/stm32f4xx_hal_i2s.o
                0x000000000800731c                HAL_I2S_Transmit_DMA
 .text.HAL_I2S_DMAStop
                0x00000000080073e0      0x230 build/stm32f4xx_hal_i2s.o
                0x00000000080073e0                HAL_I2S_DMAStop
 .text.I2S_DMATxHalfCplt
                0x0000000008007610        0xc build/stm32f4xx_hal_i2s.o
 .text.I2S_DMATxCplt
                0x000000000800761c       0x24 build/stm32f4xx_hal_i2s.o
 .text.HAL_I2S_RxCpltCallback
                0x0000000008007640        0x4 build/stm32f4xx_hal_i2s.o
                0x0000000008007640                HAL_I2S_RxCpltCallback
 .text.I2S_IRQHandler
                0x0000000008007644      0x108 build/stm32f4xx_hal_i2s.o
 .text.I2S_DMAError
                0x000000000800774c       0x2c build/stm32f4xx_hal_i2s.o
 .text.HAL_I2S_GetState
                0x0000000008007778        0x8 build/stm32f4xx_hal_i2s.o
                0x0000000008007778                HAL_I2S_GetState
 .text.HAL_I2SEx_TxRxCpltCallback
                0x0000000008007780        0x4 build/stm32f4xx_hal_i2s_ex.o
                0x0000000008007780                HAL_I2SEx_TxRxCpltCallback
 .text.HAL_I2SEx_FullDuplex_IRQHandler
                0x0000000008007784      0x25c build/stm32f4xx_hal_i2s_ex.o
                0x0000000008007784                HAL_I2SEx_FullDuplex_IRQHandler
 .text.HAL_RCC_OscConfig
                0x00000000080079e0      0x4e8 build/stm32f4xx_hal_rcc.o
                0x00000000080079e0                HAL_RCC_OscConfig
 .text.HAL_RCC_GetSysClockFreq
                0x0000000008007ec8       0x68 build/stm32f4xx_hal_rcc.o
                0x0000000008007ec8                HAL_RCC_GetSysClockFreq
 .text.HAL_RCC_ClockConfig
                0x0000000008007f30      0x1f4 build/stm32f4xx_hal_rcc.o
                0x0000000008007f30                HAL_RCC_ClockConfig
 .text.HAL_RCC_GetHCLKFreq
                0x0000000008008124        0xc build/stm32f4xx_hal_rcc.o
                0x0000000008008124                HAL_RCC_GetHCLKFreq
 .text.HAL_RCC_GetPCLK1Freq
                0x0000000008008130       0x20 build/stm32f4xx_hal_rcc.o
                0x0000000008008130                HAL_RCC_GetPCLK1Freq
 .text.HAL_RCC_GetPCLK2Freq
                0x0000000008008150       0x20 build/stm32f4xx_hal_rcc.o
                0x0000000008008150                HAL_RCC_GetPCLK2Freq
 .text.HAL_RCCEx_PeriphCLKConfig
                0x0000000008008170      0x218 build/stm32f4xx_hal_rcc_ex.o
                0x0000000008008170                HAL_RCCEx_PeriphCLKConfig
 .text.HAL_RCCEx_GetPeriphCLKConfig
                0x0000000008008388       0x3c build/stm32f4xx_hal_rcc_ex.o
                0x0000000008008388                HAL_RCCEx_GetPeriphCLKConfig
 .text.HAL_RCCEx_GetPeriphCLKFreq
                0x00000000080083c4       0x50 build/stm32f4xx_hal_rcc_ex.o
                0x00000000080083c4                HAL_RCCEx_GetPeriphCLKFreq
 .text.HAL_GPIO_Init
                0x0000000008008414      0x2ac build/stm32f4xx_hal_gpio.o
                0x0000000008008414                HAL_GPIO_Init
 .text.HAL_GPIO_WritePin
                0x00000000080086c0       0x34 build/stm32f4xx_hal_gpio.o
                0x00000000080086c0                HAL_GPIO_WritePin
 .text.HAL_GPIO_TogglePin
                0x00000000080086f4       0x34 build/stm32f4xx_hal_gpio.o
                0x00000000080086f4                HAL_GPIO_TogglePin
 .text.HAL_GPIO_EXTI_IRQHandler
                0x0000000008008728       0x18 build/stm32f4xx_hal_gpio.o
                0x0000000008008728                HAL_GPIO_EXTI_IRQHandler
 .text.HAL_DMA_Init
                0x0000000008008740      0x2c4 build/stm32f4xx_hal_dma.o
                0x0000000008008740                HAL_DMA_Init
 .text.HAL_DMA_DeInit
                0x0000000008008a04       0xf4 build/stm32f4xx_hal_dma.o
                0x0000000008008a04                HAL_DMA_DeInit
 .text.HAL_DMA_Start_IT
                0x0000000008008af8       0xb0 build/stm32f4xx_hal_dma.o
                0x0000000008008af8                HAL_DMA_Start_IT
 .text.HAL_DMA_Abort
                0x0000000008008ba8       0x90 build/stm32f4xx_hal_dma.o
                0x0000000008008ba8                HAL_DMA_Abort
 .text.HAL_DMA_IRQHandler
                0x0000000008008c38      0x1e0 build/stm32f4xx_hal_dma.o
                0x0000000008008c38                HAL_DMA_IRQHandler
 .text.UART_SetConfig
                0x0000000008008e18      0x150 build/stm32f4xx_hal_uart.o
 .text.UART_WaitOnFlagUntilTimeout.constprop.0
                0x0000000008008f68       0x58 build/stm32f4xx_hal_uart.o
 .text.HAL_UART_Init
                0x0000000008008fc0      0x100 build/stm32f4xx_hal_uart.o
                0x0000000008008fc0                HAL_UART_Init
 .text.HAL_UART_Transmit
                0x00000000080090c0       0xd0 build/stm32f4xx_hal_uart.o
                0x00000000080090c0                HAL_UART_Transmit
 .text.HAL_NVIC_SetPriorityGrouping
                0x0000000008009190       0x3c build/stm32f4xx_hal_cortex.o
                0x0000000008009190                HAL_NVIC_SetPriorityGrouping
 .text.HAL_NVIC_SetPriority
                0x00000000080091cc       0x94 build/stm32f4xx_hal_cortex.o
                0x00000000080091cc                HAL_NVIC_SetPriority
 .text.HAL_NVIC_EnableIRQ
                0x0000000008009260       0x28 build/stm32f4xx_hal_cortex.o
                0x0000000008009260                HAL_NVIC_EnableIRQ
 .text.HAL_SYSTICK_Config
                0x0000000008009288       0x34 build/stm32f4xx_hal_cortex.o
                0x0000000008009288                HAL_SYSTICK_Config
 .text.HAL_MspInit
                0x00000000080092bc        0x4 build/stm32f4xx_hal.o
                0x00000000080092bc                HAL_MspInit
 .text.HAL_InitTick
                0x00000000080092c0       0x48 build/stm32f4xx_hal.o
                0x00000000080092c0                HAL_InitTick
 .text.HAL_Init
                0x0000000008009308       0x34 build/stm32f4xx_hal.o
                0x0000000008009308                HAL_Init
 .text.HAL_IncTick
                0x000000000800933c       0x18 build/stm32f4xx_hal.o
                0x000000000800933c                HAL_IncTick
 .text.HAL_GetTick
                0x0000000008009354        0xc build/stm32f4xx_hal.o
                0x0000000008009354                HAL_GetTick
 .text.HAL_Delay
                0x0000000008009360       0x24 build/stm32f4xx_hal.o
                0x0000000008009360                HAL_Delay
 .text.BSP_LED_Init
                0x0000000008009384       0x90 build/bsp_misc.o
                0x0000000008009384                BSP_LED_Init
 .text.BSP_OnboardLED_On
                0x0000000008009414       0x10 build/bsp_misc.o
                0x0000000008009414                BSP_OnboardLED_On
 .text.BSP_OnboardLED_Off
                0x0000000008009424       0x10 build/bsp_misc.o
                0x0000000008009424                BSP_OnboardLED_Off
 .text.BSP_OnboardLED_Toggle
                0x0000000008009434       0x10 build/bsp_misc.o
                0x0000000008009434                BSP_OnboardLED_Toggle
 .text.BSP_LED_On
                0x0000000008009444       0x20 build/bsp_misc.o
                0x0000000008009444                BSP_LED_On
 .text.BSP_LED_Off
                0x0000000008009464       0x20 build/bsp_misc.o
                0x0000000008009464                BSP_LED_Off
 .text.BSP_PB_Init
                0x0000000008009484       0x50 build/bsp_misc.o
                0x0000000008009484                BSP_PB_Init
 .text.bsp_init
                0x00000000080094d4       0x10 build/bsp_misc.o
                0x00000000080094d4                bsp_init
 .text.HAL_GPIO_EXTI_Callback
                0x00000000080094e4       0x10 build/bsp_misc.o
                0x00000000080094e4                HAL_GPIO_EXTI_Callback
 .text.I2S_Config_I2SPR.isra.0
                0x00000000080094f4       0x58 build/bsp_audio.o
 .text.BSP_AUDIO_OUT_Play
                0x000000000800954c       0x30 build/bsp_audio.o
                0x000000000800954c                BSP_AUDIO_OUT_Play
 .text.BSP_AUDIO_OUT_ChangeBuffer
                0x000000000800957c       0x10 build/bsp_audio.o
                0x000000000800957c                BSP_AUDIO_OUT_ChangeBuffer
 .text.BSP_AUDIO_OUT_Stop
                0x000000000800958c       0x28 build/bsp_audio.o
                0x000000000800958c                BSP_AUDIO_OUT_Stop
 .text.BSP_AUDIO_OUT_SetMute
                0x00000000080095b4       0x28 build/bsp_audio.o
                0x00000000080095b4                BSP_AUDIO_OUT_SetMute
 .text.BSP_AUDIO_OUT_GetRemainingDataSize
                0x00000000080095dc        0xc build/bsp_audio.o
                0x00000000080095dc                BSP_AUDIO_OUT_GetRemainingDataSize
 .text.HAL_I2S_TxCpltCallback
                0x00000000080095e8        0x8 build/bsp_audio.o
                0x00000000080095e8                HAL_I2S_TxCpltCallback
 .text.HAL_I2S_TxHalfCpltCallback
                0x00000000080095f0        0x8 build/bsp_audio.o
                0x00000000080095f0                HAL_I2S_TxHalfCpltCallback
 .text.BSP_AUDIO_OUT_Error_CallBack
                0x00000000080095f8        0x4 build/bsp_audio.o
                0x00000000080095f8                BSP_AUDIO_OUT_Error_CallBack
 .text.HAL_I2S_ErrorCallback
                0x00000000080095fc        0x8 build/bsp_audio.o
                0x00000000080095fc                HAL_I2S_ErrorCallback
 .text.BSP_AUDIO_OUT_MspInit
                0x0000000008009604      0x100 build/bsp_audio.o
                0x0000000008009604                BSP_AUDIO_OUT_MspInit
 .text.BSP_AUDIO_OUT_ClockConfig
                0x0000000008009704       0x98 build/bsp_audio.o
                0x0000000008009704                BSP_AUDIO_OUT_ClockConfig
 .text.BSP_AUDIO_OUT_Init
                0x000000000800979c       0x8c build/bsp_audio.o
                0x000000000800979c                BSP_AUDIO_OUT_Init
 .text.SystemInit
                0x0000000008009828       0x1c build/system_stm32f4xx.o
                0x0000000008009828                SystemInit
 .text.USBD_Init
                0x0000000008009844       0x2c build/usbd_core.o
                0x0000000008009844                USBD_Init
 .text.USBD_RegisterClass
                0x0000000008009870       0x10 build/usbd_core.o
                0x0000000008009870                USBD_RegisterClass
 .text.USBD_Start
                0x0000000008009880        0xc build/usbd_core.o
                0x0000000008009880                USBD_Start
 .text.USBD_SetClassConfig
                0x000000000800988c       0x14 build/usbd_core.o
                0x000000000800988c                USBD_SetClassConfig
 .text.USBD_ClrClassConfig
                0x00000000080098a0       0x10 build/usbd_core.o
                0x00000000080098a0                USBD_ClrClassConfig
 .text.USBD_LL_SetupStage
                0x00000000080098b0       0x60 build/usbd_core.o
                0x00000000080098b0                USBD_LL_SetupStage
 .text.USBD_LL_DataOutStage
                0x0000000008009910       0x7c build/usbd_core.o
                0x0000000008009910                USBD_LL_DataOutStage
 .text.USBD_LL_DataInStage
                0x000000000800998c       0xc4 build/usbd_core.o
                0x000000000800998c                USBD_LL_DataInStage
 .text.USBD_LL_Reset
                0x0000000008009a50       0x50 build/usbd_core.o
                0x0000000008009a50                USBD_LL_Reset
 .text.USBD_LL_SetSpeed
                0x0000000008009aa0        0x8 build/usbd_core.o
                0x0000000008009aa0                USBD_LL_SetSpeed
 .text.USBD_LL_Suspend
                0x0000000008009aa8       0x14 build/usbd_core.o
                0x0000000008009aa8                USBD_LL_Suspend
 .text.USBD_LL_Resume
                0x0000000008009abc       0x10 build/usbd_core.o
                0x0000000008009abc                USBD_LL_Resume
 .text.USBD_LL_SOF
                0x0000000008009acc       0x1c build/usbd_core.o
                0x0000000008009acc                USBD_LL_SOF
 .text.USBD_LL_IsoINIncomplete
                0x0000000008009ae8       0x1c build/usbd_core.o
                0x0000000008009ae8                USBD_LL_IsoINIncomplete
 .text.USBD_LL_IsoOUTIncomplete
                0x0000000008009b04       0x1c build/usbd_core.o
                0x0000000008009b04                USBD_LL_IsoOUTIncomplete
 .text.USBD_LL_DevConnected
                0x0000000008009b20        0x4 build/usbd_core.o
                0x0000000008009b20                USBD_LL_DevConnected
 .text.USBD_LL_DevDisconnected
                0x0000000008009b24       0x18 build/usbd_core.o
                0x0000000008009b24                USBD_LL_DevDisconnected
 .text.USBD_StdDevReq
                0x0000000008009b3c      0x2f0 build/usbd_ctlreq.o
                0x0000000008009b3c                USBD_StdDevReq
 .text.USBD_StdItfReq
                0x0000000008009e2c       0x68 build/usbd_ctlreq.o
                0x0000000008009e2c                USBD_StdItfReq
 .text.USBD_StdEPReq
                0x0000000008009e94      0x138 build/usbd_ctlreq.o
                0x0000000008009e94                USBD_StdEPReq
 .text.USBD_ParseSetupRequest
                0x0000000008009fcc       0x28 build/usbd_ctlreq.o
                0x0000000008009fcc                USBD_ParseSetupRequest
 .text.USBD_CtlError
                0x0000000008009ff4       0x18 build/usbd_ctlreq.o
                0x0000000008009ff4                USBD_CtlError
 .text.USBD_GetString
                0x000000000800a00c       0x54 build/usbd_ctlreq.o
                0x000000000800a00c                USBD_GetString
 .text.USBD_CtlSendData
                0x000000000800a060       0x1c build/usbd_ioreq.o
                0x000000000800a060                USBD_CtlSendData
 .text.USBD_CtlContinueSendData
                0x000000000800a07c       0x10 build/usbd_ioreq.o
                0x000000000800a07c                USBD_CtlContinueSendData
 .text.USBD_CtlPrepareRx
                0x000000000800a08c       0x1c build/usbd_ioreq.o
                0x000000000800a08c                USBD_CtlPrepareRx
 .text.USBD_CtlContinueRx
                0x000000000800a0a8       0x10 build/usbd_ioreq.o
                0x000000000800a0a8                USBD_CtlContinueRx
 .text.USBD_CtlSendStatus
                0x000000000800a0b8       0x18 build/usbd_ioreq.o
                0x000000000800a0b8                USBD_CtlSendStatus
 .text.USBD_CtlReceiveStatus
                0x000000000800a0d0       0x18 build/usbd_ioreq.o
                0x000000000800a0d0                USBD_CtlReceiveStatus
 .text.USBD_GetRxCount
                0x000000000800a0e8        0x4 build/usbd_ioreq.o
                0x000000000800a0e8                USBD_GetRxCount
 .text.USBD_AUDIO_GetCfgDesc
                0x000000000800a0ec        0xc build/usbd_audio.o
 .text.USBD_AUDIO_DataIn
                0x000000000800a0f8       0x14 build/usbd_audio.o
 .text.USBD_AUDIO_IsoOutIncomplete
                0x000000000800a10c        0x4 build/usbd_audio.o
 .text.USBD_AUDIO_EP0_TxReady
                0x000000000800a110        0x4 build/usbd_audio.o
 .text.USBD_AUDIO_GetDeviceQualifierDesc
                0x000000000800a114        0xc build/usbd_audio.o
 .text.AUDIO_OUT_StopAndReset
                0x000000000800a120       0x94 build/usbd_audio.o
 .text.AUDIO_OUT_Restart
                0x000000000800a1b4       0x80 build/usbd_audio.o
 .text.USBD_AUDIO_EP0_RxReady
                0x000000000800a234       0xb0 build/usbd_audio.o
 .text.USBD_AUDIO_SOF
                0x000000000800a2e4      0x1a0 build/usbd_audio.o
 .text.USBD_AUDIO_DataOut
                0x000000000800a484      0x1a4 build/usbd_audio.o
 .text.USBD_AUDIO_Setup
                0x000000000800a628      0x218 build/usbd_audio.o
 .text.USBD_AUDIO_DeInit
                0x000000000800a840       0x54 build/usbd_audio.o
 .text.USBD_AUDIO_Init
                0x000000000800a894       0x90 build/usbd_audio.o
 .text.USBD_AUDIO_IsoINIncomplete
                0x000000000800a924       0x34 build/usbd_audio.o
 .text.USBD_AUDIO_Sync
                0x000000000800a958        0x4 build/usbd_audio.o
                0x000000000800a958                USBD_AUDIO_Sync
 .text.USBD_AUDIO_RegisterInterface
                0x000000000800a95c        0xc build/usbd_audio.o
                0x000000000800a95c                USBD_AUDIO_RegisterInterface
 .text.Reset_Handler
                0x000000000800a968       0x50 build/startup_stm32f401ccux.o
                0x000000000800a968                Reset_Handler
 .text.Default_Handler
                0x000000000800a9b8        0x2 build/startup_stm32f401ccux.o
                0x000000000800a9b8                RTC_Alarm_IRQHandler
                0x000000000800a9b8                EXTI2_IRQHandler
                0x000000000800a9b8                SPI4_IRQHandler
                0x000000000800a9b8                TIM1_CC_IRQHandler
                0x000000000800a9b8                DMA2_Stream5_IRQHandler
                0x000000000800a9b8                DMA1_Stream5_IRQHandler
                0x000000000800a9b8                PVD_IRQHandler
                0x000000000800a9b8                SDIO_IRQHandler
                0x000000000800a9b8                TAMP_STAMP_IRQHandler
                0x000000000800a9b8                EXTI3_IRQHandler
                0x000000000800a9b8                TIM1_UP_TIM10_IRQHandler
                0x000000000800a9b8                I2C3_ER_IRQHandler
                0x000000000800a9b8                I2C2_EV_IRQHandler
                0x000000000800a9b8                DMA1_Stream2_IRQHandler
                0x000000000800a9b8                FPU_IRQHandler
                0x000000000800a9b8                DMA2_Stream2_IRQHandler
                0x000000000800a9b8                SPI1_IRQHandler
                0x000000000800a9b8                TIM1_BRK_TIM9_IRQHandler
                0x000000000800a9b8                DMA2_Stream3_IRQHandler
                0x000000000800a9b8                USART6_IRQHandler
                0x000000000800a9b8                DMA2_Stream0_IRQHandler
                0x000000000800a9b8                TIM4_IRQHandler
                0x000000000800a9b8                I2C1_EV_IRQHandler
                0x000000000800a9b8                DMA1_Stream6_IRQHandler
                0x000000000800a9b8                DMA1_Stream1_IRQHandler
                0x000000000800a9b8                TIM3_IRQHandler
                0x000000000800a9b8                RCC_IRQHandler
                0x000000000800a9b8                Default_Handler
                0x000000000800a9b8                EXTI15_10_IRQHandler
                0x000000000800a9b8                ADC_IRQHandler
                0x000000000800a9b8                DMA1_Stream7_IRQHandler
                0x000000000800a9b8                TIM5_IRQHandler
                0x000000000800a9b8                DMA2_Stream7_IRQHandler
                0x000000000800a9b8                I2C3_EV_IRQHandler
                0x000000000800a9b8                EXTI9_5_IRQHandler
                0x000000000800a9b8                RTC_WKUP_IRQHandler
                0x000000000800a9b8                SPI2_IRQHandler
                0x000000000800a9b8                DMA1_Stream0_IRQHandler
                0x000000000800a9b8                EXTI4_IRQHandler
                0x000000000800a9b8                WWDG_IRQHandler
                0x000000000800a9b8                TIM2_IRQHandler
                0x000000000800a9b8                OTG_FS_WKUP_IRQHandler
                0x000000000800a9b8                TIM1_TRG_COM_TIM11_IRQHandler
                0x000000000800a9b8                EXTI1_IRQHandler
                0x000000000800a9b8                USART2_IRQHandler
                0x000000000800a9b8                I2C2_ER_IRQHandler
                0x000000000800a9b8                DMA2_Stream1_IRQHandler
                0x000000000800a9b8                FLASH_IRQHandler
                0x000000000800a9b8                DMA2_Stream4_IRQHandler
                0x000000000800a9b8                USART1_IRQHandler
                0x000000000800a9b8                SPI3_IRQHandler
                0x000000000800a9b8                I2C1_ER_IRQHandler
                0x000000000800a9b8                DMA2_Stream6_IRQHandler
                0x000000000800a9b8                DMA1_Stream3_IRQHandler
 *(.glue_7)
 .glue_7        0x000000000800a9ba        0x0 linker stubs
 *(.glue_7t)
 .glue_7t       0x000000000800a9ba        0x0 linker stubs
 *(.eh_frame)
 *fill*         0x000000000800a9ba        0x2 
 .eh_frame      0x000000000800a9bc        0x0 /usr/lib/gcc/arm-none-eabi/10.3.1/thumb/v7e-m+fp/hard/crtbegin.o
 *(.init)
 .init          0x000000000800a9bc        0x4 /usr/lib/gcc/arm-none-eabi/10.3.1/thumb/v7e-m+fp/hard/crti.o
                0x000000000800a9bc                _init
 .init          0x000000000800a9c0        0x8 /usr/lib/gcc/arm-none-eabi/10.3.1/thumb/v7e-m+fp/hard/crtn.o
 *(.fini)
 .fini          0x000000000800a9c8        0x4 /usr/lib/gcc/arm-none-eabi/10.3.1/thumb/v7e-m+fp/hard/crti.o
                0x000000000800a9c8                _fini
 .fini          0x000000000800a9cc        0x8 /usr/lib/gcc/arm-none-eabi/10.3.1/thumb/v7e-m+fp/hard/crtn.o
                0x000000000800a9d4                . = ALIGN (0x4)
                0x000000000800a9d4                _etext = .

.vfp11_veneer   0x000000000800a9d4        0x0
 .vfp11_veneer  0x000000000800a9d4        0x0 linker stubs

.v4_bx          0x000000000800a9d4        0x0
 .v4_bx         0x000000000800a9d4        0x0 linker stubs

.iplt           0x000000000800a9d4        0x0
 .iplt          0x000000000800a9d4        0x0 /usr/lib/gcc/arm-none-eabi/10.3.1/thumb/v7e-m+fp/hard/crtbegin.o

.rodata         0x000000000800a9d8      0x710
                0x000000000800a9d8                . = ALIGN (0x4)
 *(.rodata)
 .rodata        0x000000000800a9d8        0x4 /usr/lib/gcc/arm-none-eabi/10.3.1/../../../arm-none-eabi/lib/thumb/v7e-m+fp/hard/libc_nano.a(lib_a-impure.o)
                0x000000000800a9d8                _global_impure_ptr
 *fill*         0x000000000800a9dc        0x4 
 .rodata        0x000000000800a9e0      0x128 /usr/lib/gcc/arm-none-eabi/10.3.1/../../../arm-none-eabi/lib/thumb/v7e-m+fp/hard/libc_nano.a(lib_a-mprec.o)
                0x000000000800a9f0                __mprec_tens
                0x000000000800aab8                __mprec_tinytens
                0x000000000800aae0                __mprec_bigtens
 .rodata        0x000000000800ab08      0x101 /usr/lib/gcc/arm-none-eabi/10.3.1/../../../arm-none-eabi/lib/thumb/v7e-m+fp/hard/libc_nano.a(lib_a-ctype_.o)
                0x000000000800ab08                _ctype_
 *fill*         0x000000000800ac09        0x3 
 .rodata        0x000000000800ac0c       0x60 /usr/lib/gcc/arm-none-eabi/10.3.1/../../../arm-none-eabi/lib/thumb/v7e-m+fp/hard/libc_nano.a(lib_a-findfp.o)
                0x000000000800ac0c                __sf_fake_stderr
                0x000000000800ac2c                __sf_fake_stdout
                0x000000000800ac4c                __sf_fake_stdin
 *(.rodata*)
 .rodata.main.str1.4
                0x000000000800ac6c       0xa7 build/main.o
 *fill*         0x000000000800ad13        0x1 
 .rodata.assert_failed.str1.4
                0x000000000800ad14       0x2d build/main.o
 *fill*         0x000000000800ad41        0x3 
 .rodata.USBD_AUDIO_ManufacturerStrDescriptor.str1.4
                0x000000000800ad44       0x11 build/usbd_desc.o
 *fill*         0x000000000800ad55        0x3 
 .rodata.USBD_AUDIO_ProductStrDescriptor.str1.4
                0x000000000800ad58        0xd build/usbd_desc.o
 *fill*         0x000000000800ad65        0x3 
 .rodata.USBD_AUDIO_ConfigStrDescriptor.str1.4
                0x000000000800ad68        0xd build/usbd_desc.o
 *fill*         0x000000000800ad75        0x3 
 .rodata.USBD_AUDIO_InterfaceStrDescriptor.str1.4
                0x000000000800ad78       0x10 build/usbd_desc.o
 .rodata.HAL_PCD_Init.str1.4
                0x000000000800ad88       0x35 build/stm32f4xx_hal_pcd.o
 *fill*         0x000000000800adbd        0x3 
 .rodata.HAL_I2S_Init.str1.4
                0x000000000800adc0       0x35 build/stm32f4xx_hal_i2s.o
 *fill*         0x000000000800adf5        0x3 
 .rodata.HAL_RCC_OscConfig.str1.4
                0x000000000800adf8       0x35 build/stm32f4xx_hal_rcc.o
 *fill*         0x000000000800ae2d        0x3 
 .rodata.HAL_RCCEx_PeriphCLKConfig.str1.4
                0x000000000800ae30       0x38 build/stm32f4xx_hal_rcc_ex.o
 .rodata.HAL_GPIO_Init.str1.4
                0x000000000800ae68       0x36 build/stm32f4xx_hal_gpio.o
 *fill*         0x000000000800ae9e        0x2 
 .rodata.HAL_DMA_Init.str1.4
                0x000000000800aea0       0x35 build/stm32f4xx_hal_dma.o
 *fill*         0x000000000800aed5        0x3 
 .rodata.flagBitshiftOffset.0
                0x000000000800aed8        0x8 build/stm32f4xx_hal_dma.o
 .rodata.UART_SetConfig.str1.4
                0x000000000800aee0       0x36 build/stm32f4xx_hal_uart.o
 *fill*         0x000000000800af16        0x2 
 .rodata.HAL_NVIC_SetPriorityGrouping.str1.4
                0x000000000800af18       0x38 build/stm32f4xx_hal_cortex.o
 .rodata.I2S_Clk_Config24
                0x000000000800af50       0x3c build/bsp_audio.o
                0x000000000800af50                I2S_Clk_Config24
 .rodata.AHBPrescTable
                0x000000000800af8c       0x10 build/system_stm32f4xx.o
                0x000000000800af8c                AHBPrescTable
 .rodata.APBPrescTable
                0x000000000800af9c        0x8 build/system_stm32f4xx.o
                0x000000000800af9c                APBPrescTable
 .rodata.str1.4
                0x000000000800afa4       0x12 /usr/lib/gcc/arm-none-eabi/10.3.1/../../../arm-none-eabi/lib/thumb/v7e-m+fp/hard/libc_nano.a(lib_a-nano-vfprintf_float.o)
 *fill*         0x000000000800afb6        0x2 
 .rodata.str1.4
                0x000000000800afb8       0x25 /usr/lib/gcc/arm-none-eabi/10.3.1/../../../arm-none-eabi/lib/thumb/v7e-m+fp/hard/libc_nano.a(lib_a-nano-vfprintf_i.o)
 *fill*         0x000000000800afdd        0x3 
 .rodata.str1.4
                0x000000000800afe0       0x6d /usr/lib/gcc/arm-none-eabi/10.3.1/../../../arm-none-eabi/lib/thumb/v7e-m+fp/hard/libc_nano.a(lib_a-dtoa.o)
                                         0x71 (size before relaxing)
 *fill*         0x000000000800b04d        0x3 
 .rodata.str1.4
                0x000000000800b050       0x33 /usr/lib/gcc/arm-none-eabi/10.3.1/../../../arm-none-eabi/lib/thumb/v7e-m+fp/hard/libc_nano.a(lib_a-mprec.o)
                                         0x5d (size before relaxing)
 *fill*         0x000000000800b083        0x1 
 .rodata.str1.4
                0x000000000800b084       0x13 /usr/lib/gcc/arm-none-eabi/10.3.1/../../../arm-none-eabi/lib/thumb/v7e-m+fp/hard/libc_nano.a(lib_a-nano-svfprintf.o)
 *fill*         0x000000000800b097        0x1 
 .rodata.str1.4
                0x000000000800b098       0x3f /usr/lib/gcc/arm-none-eabi/10.3.1/../../../arm-none-eabi/lib/thumb/v7e-m+fp/hard/libc_nano.a(lib_a-assert.o)
                                         0x43 (size before relaxing)
 *fill*         0x000000000800b0d7        0x1 
 .rodata.str1.4
                0x000000000800b0d8        0xe /usr/lib/gcc/arm-none-eabi/10.3.1/../../../arm-none-eabi/lib/thumb/v7e-m+fp/hard/libc_nano.a(lib_a-locale.o)
                                         0x12 (size before relaxing)
 .rodata.str1.4
                0x000000000800b0e6       0x13 /usr/lib/gcc/arm-none-eabi/10.3.1/../../../arm-none-eabi/lib/thumb/v7e-m+fp/hard/libc_nano.a(lib_a-nano-vfprintf.o)
                0x000000000800b0fc                . = ALIGN (0x4)
 *fill*         0x000000000800b0e6        0x2 

.ARM.extab      0x000000000800b0e8        0x0
                0x000000000800b0e8                . = ALIGN (0x4)
 *(.ARM.extab* .gnu.linkonce.armextab.*)
                0x000000000800b0e8                . = ALIGN (0x4)

.ARM            0x000000000800b0e8        0x8
                0x000000000800b0e8                . = ALIGN (0x4)
                0x000000000800b0e8                __exidx_start = .
 *(.ARM.exidx*)
 .ARM.exidx     0x000000000800b0e8        0x8 /usr/lib/gcc/arm-none-eabi/10.3.1/thumb/v7e-m+fp/hard/libgcc.a(_udivmoddi4.o)
                0x000000000800b0f0                __exidx_end = .
                0x000000000800b0f0                . = ALIGN (0x4)

.rel.dyn        0x000000000800b0f0        0x0
 .rel.iplt      0x000000000800b0f0        0x0 /usr/lib/gcc/arm-none-eabi/10.3.1/thumb/v7e-m+fp/hard/crtbegin.o

.preinit_array  0x000000000800b0f0        0x0
                0x000000000800b0f0                . = ALIGN (0x4)
                0x000000000800b0f0                PROVIDE (__preinit_array_start = .)
 *(.preinit_array*)
                0x000000000800b0f0                PROVIDE (__preinit_array_end = .)
                0x000000000800b0f0                . = ALIGN (0x4)

.init_array     0x000000000800b0f0        0x4
                0x000000000800b0f0                . = ALIGN (0x4)
                0x000000000800b0f0                PROVIDE (__init_array_start = .)
 *(SORT_BY_NAME(.init_array.*))
 *(.init_array*)
 .init_array    0x000000000800b0f0        0x4 /usr/lib/gcc/arm-none-eabi/10.3.1/thumb/v7e-m+fp/hard/crtbegin.o
                0x000000000800b0f4                PROVIDE (__init_array_end = .)
                0x000000000800b0f4                . = ALIGN (0x4)

.fini_array     0x000000000800b0f4        0x4
                0x000000000800b0f4                . = ALIGN (0x4)
                0x000000000800b0f4                PROVIDE (__fini_array_start = .)
 *(SORT_BY_NAME(.fini_array.*))
 *(.fini_array*)
 .fini_array    0x000000000800b0f4        0x4 /usr/lib/gcc/arm-none-eabi/10.3.1/thumb/v7e-m+fp/hard/crtbegin.o
                0x000000000800b0f8                PROVIDE (__fini_array_end = .)
                0x000000000800b0f8                . = ALIGN (0x4)
                0x000000000800b0f8                _sidata = LOADADDR (.data)

.data           0x0000000020000000      0x32c load address 0x000000000800b0f8
                0x0000000020000000                . = ALIGN (0x4)
                0x0000000020000000                _sdata = .
 *(.data)
 .data          0x0000000020000000       0x64 /usr/lib/gcc/arm-none-eabi/10.3.1/../../../arm-none-eabi/lib/thumb/v7e-m+fp/hard/libc_nano.a(lib_a-impure.o)
                0x0000000020000000                _impure_ptr
 .data          0x0000000020000064      0x16c /usr/lib/gcc/arm-none-eabi/10.3.1/../../../arm-none-eabi/lib/thumb/v7e-m+fp/hard/libc_nano.a(lib_a-locale.o)
                0x0000000020000064                __global_locale
 *(.data*)
 .data.AUDIO_Desc
                0x00000000200001d0       0x1c build/usbd_desc.o
                0x00000000200001d0                AUDIO_Desc
 .data.USBD_DeviceDesc
                0x00000000200001ec       0x12 build/usbd_desc.o
                0x00000000200001ec                USBD_DeviceDesc
 *fill*         0x00000000200001fe        0x2 
 .data.USBD_LangIDDesc
                0x0000000020000200        0x4 build/usbd_desc.o
                0x0000000020000200                USBD_LangIDDesc
 .data.USBD_StringSerial
                0x0000000020000204       0x1a build/usbd_desc.o
                0x0000000020000204                USBD_StringSerial
 *fill*         0x000000002000021e        0x2 
 .data.USBD_AUDIO_fops
                0x0000000020000220       0x1c build/usbd_audio_if.o
                0x0000000020000220                USBD_AUDIO_fops
 .data.uwTickFreq
                0x000000002000023c        0x1 build/stm32f4xx_hal.o
                0x000000002000023c                uwTickFreq
 *fill*         0x000000002000023d        0x3 
 .data.uwTickPrio
                0x0000000020000240        0x4 build/stm32f4xx_hal.o
                0x0000000020000240                uwTickPrio
 .data.GPIO_PIN
                0x0000000020000244        0xc build/bsp_misc.o
                0x0000000020000244                GPIO_PIN
 .data.SystemCoreClock
                0x0000000020000250        0x4 build/system_stm32f4xx.o
                0x0000000020000250                SystemCoreClock
 .data.DbgMinWritableSamples
                0x0000000020000254        0x4 build/usbd_audio.o
                0x0000000020000254                DbgMinWritableSamples
 .data.USBD_AUDIO
                0x0000000020000258       0x38 build/usbd_audio.o
                0x0000000020000258                USBD_AUDIO
 .data.USBD_AUDIO_CfgDesc
                0x0000000020000290       0x7c build/usbd_audio.o
 .data.USBD_AUDIO_DeviceQualifierDesc
                0x000000002000030c        0xa build/usbd_audio.o
 *fill*         0x0000000020000316        0x2 
 .data.audio_buf_writable_samples_last
                0x0000000020000318        0x4 build/usbd_audio.o
                0x0000000020000318                audio_buf_writable_samples_last
 .data.fb_data  0x000000002000031c        0x3 build/usbd_audio.o
                0x000000002000031c                fb_data
 *fill*         0x000000002000031f        0x1 
 .data.fb_nom   0x0000000020000320        0x4 build/usbd_audio.o
                0x0000000020000320                fb_nom
 .data.fb_value
                0x0000000020000324        0x4 build/usbd_audio.o
                0x0000000020000324                fb_value
 .data.tx_flag  0x0000000020000328        0x4 build/usbd_audio.o
                0x0000000020000328                tx_flag
 *(.RamFunc)
 *(.RamFunc*)
                0x000000002000032c                . = ALIGN (0x4)
                0x000000002000032c                _edata = .

.tm_clone_table
                0x000000002000032c        0x0 load address 0x000000000800b424
 .tm_clone_table
                0x000000002000032c        0x0 /usr/lib/gcc/arm-none-eabi/10.3.1/thumb/v7e-m+fp/hard/crtbegin.o
 .tm_clone_table
                0x000000002000032c        0x0 /usr/lib/gcc/arm-none-eabi/10.3.1/thumb/v7e-m+fp/hard/crtend.o

.igot.plt       0x000000002000032c        0x0 load address 0x000000000800b424
 .igot.plt      0x000000002000032c        0x0 /usr/lib/gcc/arm-none-eabi/10.3.1/thumb/v7e-m+fp/hard/crtbegin.o
                0x000000002000032c                . = ALIGN (0x4)

.bss            0x000000002000032c     0x18e8 load address 0x000000000800b424
                0x000000002000032c                _sbss = .
                0x000000002000032c                __bss_start__ = _sbss
 *(.bss)
 .bss           0x000000002000032c       0x1c /usr/lib/gcc/arm-none-eabi/10.3.1/thumb/v7e-m+fp/hard/crtbegin.o
 .bss           0x0000000020000348        0x8 /usr/lib/gcc/arm-none-eabi/10.3.1/../../../arm-none-eabi/lib/thumb/v7e-m+fp/hard/libc_nano.a(lib_a-nano-mallocr.o)
                0x0000000020000348                __malloc_free_list
                0x000000002000034c                __malloc_sbrk_start
 .bss           0x0000000020000350        0x4 /usr/lib/gcc/arm-none-eabi/10.3.1/../../../arm-none-eabi/lib/thumb/v7e-m+fp/hard/libc_nano.a(lib_a-reent.o)
                0x0000000020000350                errno
 .bss           0x0000000020000354        0x4 /usr/lib/gcc/arm-none-eabi/10.3.1/../../../arm-none-eabi/lib/thumb/v7e-m+fp/hard/libnosys.a(sbrk.o)
 *(.bss*)
 .bss.USBD_Device
                0x0000000020000358      0x29c build/main.o
                0x0000000020000358                USBD_Device
 .bss.audio_status
                0x00000000200005f4        0x8 build/main.o
                0x00000000200005f4                audio_status
 .bss.huart2    0x00000000200005fc       0x40 build/usart.o
                0x00000000200005fc                huart2
 .bss.hpcd      0x000000002000063c      0x408 build/usbd_conf.o
                0x000000002000063c                hpcd
 .bss.USBD_StrDesc
                0x0000000020000a44      0x100 build/usbd_desc.o
                0x0000000020000a44                USBD_StrDesc
 .bss.uwTick    0x0000000020000b44        0x4 build/stm32f4xx_hal.o
                0x0000000020000b44                uwTick
 .bss.BtnPressed
                0x0000000020000b48        0x4 build/bsp_misc.o
                0x0000000020000b48                BtnPressed
 .bss.haudio_i2s
                0x0000000020000b4c       0x48 build/bsp_audio.o
                0x0000000020000b4c                haudio_i2s
 .bss.hdma_i2sTx
                0x0000000020000b94       0x60 build/bsp_audio.o
                0x0000000020000b94                hdma_i2sTx
 .bss.cfgidx.0  0x0000000020000bf4        0x1 build/usbd_ctlreq.o
 *fill*         0x0000000020000bf5        0x3 
 .bss.DbgFeedbackHistory
                0x0000000020000bf8      0x400 build/usbd_audio.o
                0x0000000020000bf8                DbgFeedbackHistory
 .bss.DbgIndex  0x0000000020000ff8        0x1 build/usbd_audio.o
                0x0000000020000ff8                DbgIndex
 *fill*         0x0000000020000ff9        0x3 
 .bss.DbgMaxWritableSamples
                0x0000000020000ffc        0x4 build/usbd_audio.o
                0x0000000020000ffc                DbgMaxWritableSamples
 .bss.DbgSofCounter
                0x0000000020001000        0x4 build/usbd_audio.o
 .bss.DbgSofHistory
                0x0000000020001004      0x400 build/usbd_audio.o
                0x0000000020001004                DbgSofHistory
 .bss.DbgWritableSampleHistory
                0x0000000020001404      0x400 build/usbd_audio.o
                0x0000000020001404                DbgWritableSampleHistory
 .bss.all_ready
                0x0000000020001804        0x4 build/usbd_audio.o
                0x0000000020001804                all_ready
 .bss.fnsof     0x0000000020001808        0x4 build/usbd_audio.o
                0x0000000020001808                fnsof
 .bss.is_playing
                0x000000002000180c        0x4 build/usbd_audio.o
                0x000000002000180c                is_playing
 .bss.sof_count.1
                0x0000000020001810        0x4 build/usbd_audio.o
 .bss.tmpbuf.0  0x0000000020001814      0x400 build/usbd_audio.o
 *(COMMON)
                0x0000000020001c14                . = ALIGN (0x4)
                0x0000000020001c14                _ebss = .
                0x0000000020001c14                __bss_end__ = _ebss

._user_heap_stack
                0x0000000020001c14      0x604 load address 0x000000000800b424
                0x0000000020001c18                . = ALIGN (0x8)
 *fill*         0x0000000020001c14        0x4 
                0x0000000020001c18                PROVIDE (end = .)
                [!provide]                        PROVIDE (_end = .)
                0x0000000020001e18                . = (. + _Min_Heap_Size)
 *fill*         0x0000000020001c18      0x200 
                0x0000000020002218                . = (. + _Min_Stack_Size)
 *fill*         0x0000000020001e18      0x400 
                0x0000000020002218                . = ALIGN (0x8)

/DISCARD/
 libc.a(*)
 libm.a(*)
 libgcc.a(*)

.ARM.attributes
                0x0000000000000000       0x30
 *(.ARM.attributes)
 .ARM.attributes
                0x0000000000000000       0x1e /usr/lib/gcc/arm-none-eabi/10.3.1/thumb/v7e-m+fp/hard/crti.o
 .ARM.attributes
                0x000000000000001e       0x34 /usr/lib/gcc/arm-none-eabi/10.3.1/thumb/v7e-m+fp/hard/crtbegin.o
 .ARM.attributes
                0x0000000000000052       0x34 build/main.o
 .ARM.attributes
                0x0000000000000086       0x34 build/usart.o
 .ARM.attributes
                0x00000000000000ba       0x34 build/usbd_conf.o
 .ARM.attributes
                0x00000000000000ee       0x34 build/usbd_desc.o
 .ARM.attributes
                0x0000000000000122       0x34 build/usbd_audio_if.o
 .ARM.attributes
                0x0000000000000156       0x34 build/stm32f4xx_it.o
 .ARM.attributes
                0x000000000000018a       0x34 build/stm32f4xx_hal_pcd.o
 .ARM.attributes
                0x00000000000001be       0x34 build/stm32f4xx_hal_pcd_ex.o
 .ARM.attributes
                0x00000000000001f2       0x34 build/stm32f4xx_ll_usb.o
 .ARM.attributes
                0x0000000000000226       0x34 build/stm32f4xx_hal_i2s.o
 .ARM.attributes
                0x000000000000025a       0x34 build/stm32f4xx_hal_i2s_ex.o
 .ARM.attributes
                0x000000000000028e       0x34 build/stm32f4xx_hal_rcc.o
 .ARM.attributes
                0x00000000000002c2       0x34 build/stm32f4xx_hal_rcc_ex.o
 .ARM.attributes
                0x00000000000002f6       0x34 build/stm32f4xx_hal_gpio.o
 .ARM.attributes
                0x000000000000032a       0x34 build/stm32f4xx_hal_dma.o
 .ARM.attributes
                0x000000000000035e       0x34 build/stm32f4xx_hal_uart.o
 .ARM.attributes
                0x0000000000000392       0x34 build/stm32f4xx_hal_cortex.o
 .ARM.attributes
                0x00000000000003c6       0x34 build/stm32f4xx_hal.o
 .ARM.attributes
                0x00000000000003fa       0x34 build/bsp_misc.o
 .ARM.attributes
                0x000000000000042e       0x34 build/bsp_audio.o
 .ARM.attributes
                0x0000000000000462       0x34 build/system_stm32f4xx.o
 .ARM.attributes
                0x0000000000000496       0x34 build/usbd_core.o
 .ARM.attributes
                0x00000000000004ca       0x34 build/usbd_ctlreq.o
 .ARM.attributes
                0x00000000000004fe       0x34 build/usbd_ioreq.o
 .ARM.attributes
                0x0000000000000532       0x34 build/usbd_audio.o
 .ARM.attributes
                0x0000000000000566       0x21 build/startup_stm32f401ccux.o
 .ARM.attributes
                0x0000000000000587       0x32 /usr/lib/gcc/arm-none-eabi/10.3.1/../../../arm-none-eabi/lib/thumb/v7e-m+fp/hard/libc_nano.a(lib_a-impure.o)
 .ARM.attributes
                0x00000000000005b9       0x34 /usr/lib/gcc/arm-none-eabi/10.3.1/../../../arm-none-eabi/lib/thumb/v7e-m+fp/hard/libc_nano.a(lib_a-init.o)
 .ARM.attributes
                0x00000000000005ed       0x34 /usr/lib/gcc/arm-none-eabi/10.3.1/../../../arm-none-eabi/lib/thumb/v7e-m+fp/hard/libc_nano.a(lib_a-malloc.o)
 .ARM.attributes
                0x0000000000000621       0x34 /usr/lib/gcc/arm-none-eabi/10.3.1/../../../arm-none-eabi/lib/thumb/v7e-m+fp/hard/libc_nano.a(lib_a-memset.o)
 .ARM.attributes
                0x0000000000000655       0x34 /usr/lib/gcc/arm-none-eabi/10.3.1/../../../arm-none-eabi/lib/thumb/v7e-m+fp/hard/libc_nano.a(lib_a-nano-freer.o)
 .ARM.attributes
                0x0000000000000689       0x34 /usr/lib/gcc/arm-none-eabi/10.3.1/../../../arm-none-eabi/lib/thumb/v7e-m+fp/hard/libc_nano.a(lib_a-nano-mallocr.o)
 .ARM.attributes
                0x00000000000006bd       0x34 /usr/lib/gcc/arm-none-eabi/10.3.1/../../../arm-none-eabi/lib/thumb/v7e-m+fp/hard/libc_nano.a(lib_a-nano-vfprintf_float.o)
 .ARM.attributes
                0x00000000000006f1       0x34 /usr/lib/gcc/arm-none-eabi/10.3.1/../../../arm-none-eabi/lib/thumb/v7e-m+fp/hard/libc_nano.a(lib_a-nano-vfprintf_i.o)
 .ARM.attributes
                0x0000000000000725       0x34 /usr/lib/gcc/arm-none-eabi/10.3.1/../../../arm-none-eabi/lib/thumb/v7e-m+fp/hard/libc_nano.a(lib_a-sbrkr.o)
 .ARM.attributes
                0x0000000000000759       0x1c /usr/lib/gcc/arm-none-eabi/10.3.1/../../../arm-none-eabi/lib/thumb/v7e-m+fp/hard/libc_nano.a(lib_a-strlen.o)
 .ARM.attributes
                0x0000000000000775       0x34 /usr/lib/gcc/arm-none-eabi/10.3.1/../../../arm-none-eabi/lib/thumb/v7e-m+fp/hard/libc_nano.a(lib_a-vsprintf.o)
 .ARM.attributes
                0x00000000000007a9       0x34 /usr/lib/gcc/arm-none-eabi/10.3.1/../../../arm-none-eabi/lib/thumb/v7e-m+fp/hard/libc_nano.a(lib_a-dtoa.o)
 .ARM.attributes
                0x00000000000007dd       0x34 /usr/lib/gcc/arm-none-eabi/10.3.1/../../../arm-none-eabi/lib/thumb/v7e-m+fp/hard/libc_nano.a(lib_a-localeconv.o)
 .ARM.attributes
                0x0000000000000811       0x1c /usr/lib/gcc/arm-none-eabi/10.3.1/../../../arm-none-eabi/lib/thumb/v7e-m+fp/hard/libc_nano.a(lib_a-memchr.o)
 .ARM.attributes
                0x000000000000082d       0x1c /usr/lib/gcc/arm-none-eabi/10.3.1/../../../arm-none-eabi/lib/thumb/v7e-m+fp/hard/libc_nano.a(lib_a-memcpy.o)
 .ARM.attributes
                0x0000000000000849       0x34 /usr/lib/gcc/arm-none-eabi/10.3.1/../../../arm-none-eabi/lib/thumb/v7e-m+fp/hard/libc_nano.a(lib_a-mlock.o)
 .ARM.attributes
                0x000000000000087d       0x34 /usr/lib/gcc/arm-none-eabi/10.3.1/../../../arm-none-eabi/lib/thumb/v7e-m+fp/hard/libc_nano.a(lib_a-mprec.o)
 .ARM.attributes
                0x00000000000008b1       0x34 /usr/lib/gcc/arm-none-eabi/10.3.1/../../../arm-none-eabi/lib/thumb/v7e-m+fp/hard/libc_nano.a(lib_a-nano-callocr.o)
 .ARM.attributes
                0x00000000000008e5       0x34 /usr/lib/gcc/arm-none-eabi/10.3.1/../../../arm-none-eabi/lib/thumb/v7e-m+fp/hard/libc_nano.a(lib_a-nano-svfprintf.o)
 .ARM.attributes
                0x0000000000000919       0x34 /usr/lib/gcc/arm-none-eabi/10.3.1/../../../arm-none-eabi/lib/thumb/v7e-m+fp/hard/libc_nano.a(lib_a-reent.o)
 .ARM.attributes
                0x000000000000094d       0x34 /usr/lib/gcc/arm-none-eabi/10.3.1/../../../arm-none-eabi/lib/thumb/v7e-m+fp/hard/libc_nano.a(lib_a-assert.o)
 .ARM.attributes
                0x0000000000000981       0x34 /usr/lib/gcc/arm-none-eabi/10.3.1/../../../arm-none-eabi/lib/thumb/v7e-m+fp/hard/libc_nano.a(lib_a-fprintf.o)
 .ARM.attributes
                0x00000000000009b5       0x34 /usr/lib/gcc/arm-none-eabi/10.3.1/../../../arm-none-eabi/lib/thumb/v7e-m+fp/hard/libc_nano.a(lib_a-locale.o)
 .ARM.attributes
                0x00000000000009e9       0x34 /usr/lib/gcc/arm-none-eabi/10.3.1/../../../arm-none-eabi/lib/thumb/v7e-m+fp/hard/libc_nano.a(lib_a-mbtowc_r.o)
 .ARM.attributes
                0x0000000000000a1d       0x34 /usr/lib/gcc/arm-none-eabi/10.3.1/../../../arm-none-eabi/lib/thumb/v7e-m+fp/hard/libc_nano.a(lib_a-memmove.o)
 .ARM.attributes
                0x0000000000000a51       0x34 /usr/lib/gcc/arm-none-eabi/10.3.1/../../../arm-none-eabi/lib/thumb/v7e-m+fp/hard/libc_nano.a(lib_a-nano-reallocr.o)
 .ARM.attributes
                0x0000000000000a85       0x34 /usr/lib/gcc/arm-none-eabi/10.3.1/../../../arm-none-eabi/lib/thumb/v7e-m+fp/hard/libc_nano.a(lib_a-nano-vfprintf.o)
 .ARM.attributes
                0x0000000000000ab9       0x34 /usr/lib/gcc/arm-none-eabi/10.3.1/../../../arm-none-eabi/lib/thumb/v7e-m+fp/hard/libc_nano.a(lib_a-wbuf.o)
 .ARM.attributes
                0x0000000000000aed       0x34 /usr/lib/gcc/arm-none-eabi/10.3.1/../../../arm-none-eabi/lib/thumb/v7e-m+fp/hard/libc_nano.a(lib_a-wctomb_r.o)
 .ARM.attributes
                0x0000000000000b21       0x34 /usr/lib/gcc/arm-none-eabi/10.3.1/../../../arm-none-eabi/lib/thumb/v7e-m+fp/hard/libc_nano.a(lib_a-wsetup.o)
 .ARM.attributes
                0x0000000000000b55       0x34 /usr/lib/gcc/arm-none-eabi/10.3.1/../../../arm-none-eabi/lib/thumb/v7e-m+fp/hard/libc_nano.a(lib_a-abort.o)
 .ARM.attributes
                0x0000000000000b89       0x32 /usr/lib/gcc/arm-none-eabi/10.3.1/../../../arm-none-eabi/lib/thumb/v7e-m+fp/hard/libc_nano.a(lib_a-ctype_.o)
 .ARM.attributes
                0x0000000000000bbb       0x34 /usr/lib/gcc/arm-none-eabi/10.3.1/../../../arm-none-eabi/lib/thumb/v7e-m+fp/hard/libc_nano.a(lib_a-fflush.o)
 .ARM.attributes
                0x0000000000000bef       0x34 /usr/lib/gcc/arm-none-eabi/10.3.1/../../../arm-none-eabi/lib/thumb/v7e-m+fp/hard/libc_nano.a(lib_a-findfp.o)
 .ARM.attributes
                0x0000000000000c23       0x34 /usr/lib/gcc/arm-none-eabi/10.3.1/../../../arm-none-eabi/lib/thumb/v7e-m+fp/hard/libc_nano.a(lib_a-fvwrite.o)
 .ARM.attributes
                0x0000000000000c57       0x34 /usr/lib/gcc/arm-none-eabi/10.3.1/../../../arm-none-eabi/lib/thumb/v7e-m+fp/hard/libc_nano.a(lib_a-fwalk.o)
 .ARM.attributes
                0x0000000000000c8b       0x34 /usr/lib/gcc/arm-none-eabi/10.3.1/../../../arm-none-eabi/lib/thumb/v7e-m+fp/hard/libc_nano.a(lib_a-makebuf.o)
 .ARM.attributes
                0x0000000000000cbf       0x34 /usr/lib/gcc/arm-none-eabi/10.3.1/../../../arm-none-eabi/lib/thumb/v7e-m+fp/hard/libc_nano.a(lib_a-nano-msizer.o)
 .ARM.attributes
                0x0000000000000cf3       0x34 /usr/lib/gcc/arm-none-eabi/10.3.1/../../../arm-none-eabi/lib/thumb/v7e-m+fp/hard/libc_nano.a(lib_a-signal.o)
 .ARM.attributes
                0x0000000000000d27       0x34 /usr/lib/gcc/arm-none-eabi/10.3.1/../../../arm-none-eabi/lib/thumb/v7e-m+fp/hard/libc_nano.a(lib_a-signalr.o)
 .ARM.attributes
                0x0000000000000d5b       0x34 /usr/lib/gcc/arm-none-eabi/10.3.1/../../../arm-none-eabi/lib/thumb/v7e-m+fp/hard/libc_nano.a(lib_a-stdio.o)
 .ARM.attributes
                0x0000000000000d8f       0x34 /usr/lib/gcc/arm-none-eabi/10.3.1/../../../arm-none-eabi/lib/thumb/v7e-m+fp/hard/libc_nano.a(lib_a-writer.o)
 .ARM.attributes
                0x0000000000000dc3       0x34 /usr/lib/gcc/arm-none-eabi/10.3.1/../../../arm-none-eabi/lib/thumb/v7e-m+fp/hard/libc_nano.a(lib_a-closer.o)
 .ARM.attributes
                0x0000000000000df7       0x34 /usr/lib/gcc/arm-none-eabi/10.3.1/../../../arm-none-eabi/lib/thumb/v7e-m+fp/hard/libc_nano.a(lib_a-fstatr.o)
 .ARM.attributes
                0x0000000000000e2b       0x34 /usr/lib/gcc/arm-none-eabi/10.3.1/../../../arm-none-eabi/lib/thumb/v7e-m+fp/hard/libc_nano.a(lib_a-isattyr.o)
 .ARM.attributes
                0x0000000000000e5f       0x34 /usr/lib/gcc/arm-none-eabi/10.3.1/../../../arm-none-eabi/lib/thumb/v7e-m+fp/hard/libc_nano.a(lib_a-lseekr.o)
 .ARM.attributes
                0x0000000000000e93       0x34 /usr/lib/gcc/arm-none-eabi/10.3.1/../../../arm-none-eabi/lib/thumb/v7e-m+fp/hard/libc_nano.a(lib_a-readr.o)
 .ARM.attributes
                0x0000000000000ec7       0x34 /usr/lib/gcc/arm-none-eabi/10.3.1/../../../arm-none-eabi/lib/thumb/v7e-m+fp/hard/libnosys.a(close.o)
 .ARM.attributes
                0x0000000000000efb       0x34 /usr/lib/gcc/arm-none-eabi/10.3.1/../../../arm-none-eabi/lib/thumb/v7e-m+fp/hard/libnosys.a(fstat.o)
 .ARM.attributes
                0x0000000000000f2f       0x34 /usr/lib/gcc/arm-none-eabi/10.3.1/../../../arm-none-eabi/lib/thumb/v7e-m+fp/hard/libnosys.a(getpid.o)
 .ARM.attributes
                0x0000000000000f63       0x34 /usr/lib/gcc/arm-none-eabi/10.3.1/../../../arm-none-eabi/lib/thumb/v7e-m+fp/hard/libnosys.a(isatty.o)
 .ARM.attributes
                0x0000000000000f97       0x34 /usr/lib/gcc/arm-none-eabi/10.3.1/../../../arm-none-eabi/lib/thumb/v7e-m+fp/hard/libnosys.a(kill.o)
 .ARM.attributes
                0x0000000000000fcb       0x34 /usr/lib/gcc/arm-none-eabi/10.3.1/../../../arm-none-eabi/lib/thumb/v7e-m+fp/hard/libnosys.a(lseek.o)
 .ARM.attributes
                0x0000000000000fff       0x34 /usr/lib/gcc/arm-none-eabi/10.3.1/../../../arm-none-eabi/lib/thumb/v7e-m+fp/hard/libnosys.a(read.o)
 .ARM.attributes
                0x0000000000001033       0x34 /usr/lib/gcc/arm-none-eabi/10.3.1/../../../arm-none-eabi/lib/thumb/v7e-m+fp/hard/libnosys.a(sbrk.o)
 .ARM.attributes
                0x0000000000001067       0x34 /usr/lib/gcc/arm-none-eabi/10.3.1/../../../arm-none-eabi/lib/thumb/v7e-m+fp/hard/libnosys.a(write.o)
 .ARM.attributes
                0x000000000000109b       0x34 /usr/lib/gcc/arm-none-eabi/10.3.1/../../../arm-none-eabi/lib/thumb/v7e-m+fp/hard/libnosys.a(_exit.o)
 .ARM.attributes
                0x00000000000010cf       0x1e /usr/lib/gcc/arm-none-eabi/10.3.1/thumb/v7e-m+fp/hard/libgcc.a(_arm_addsubdf3.o)
 .ARM.attributes
                0x00000000000010ed       0x1e /usr/lib/gcc/arm-none-eabi/10.3.1/thumb/v7e-m+fp/hard/libgcc.a(_arm_muldivdf3.o)
 .ARM.attributes
                0x000000000000110b       0x1e /usr/lib/gcc/arm-none-eabi/10.3.1/thumb/v7e-m+fp/hard/libgcc.a(_arm_cmpdf2.o)
 .ARM.attributes
                0x0000000000001129       0x1e /usr/lib/gcc/arm-none-eabi/10.3.1/thumb/v7e-m+fp/hard/libgcc.a(_arm_unorddf2.o)
 .ARM.attributes
                0x0000000000001147       0x1e /usr/lib/gcc/arm-none-eabi/10.3.1/thumb/v7e-m+fp/hard/libgcc.a(_arm_fixdfsi.o)
 .ARM.attributes
                0x0000000000001165       0x1e /usr/lib/gcc/arm-none-eabi/10.3.1/thumb/v7e-m+fp/hard/libgcc.a(_aeabi_uldivmod.o)
 .ARM.attributes
                0x0000000000001183       0x34 /usr/lib/gcc/arm-none-eabi/10.3.1/thumb/v7e-m+fp/hard/libgcc.a(_udivmoddi4.o)
 .ARM.attributes
                0x00000000000011b7       0x1e /usr/lib/gcc/arm-none-eabi/10.3.1/thumb/v7e-m+fp/hard/libgcc.a(_dvmd_tls.o)
 .ARM.attributes
                0x00000000000011d5       0x32 /usr/lib/gcc/arm-none-eabi/10.3.1/thumb/v7e-m+fp/hard/crtend.o
 .ARM.attributes
                0x0000000000001207       0x1e /usr/lib/gcc/arm-none-eabi/10.3.1/thumb/v7e-m+fp/hard/crtn.o
OUTPUT(build/usb_audio_i2s.elf elf32-littlearm)
LOAD linker stubs
LOAD /usr/lib/gcc/arm-none-eabi/10.3.1/../../../arm-none-eabi/lib/thumb/v7e-m+fp/hard/libc.a
LOAD /usr/lib/gcc/arm-none-eabi/10.3.1/../../../arm-none-eabi/lib/thumb/v7e-m+fp/hard/libm.a
LOAD /usr/lib/gcc/arm-none-eabi/10.3.1/thumb/v7e-m+fp/hard/libgcc.a

.comment        0x0000000000000000       0x33
 .comment       0x0000000000000000       0x33 /usr/lib/gcc/arm-none-eabi/10.3.1/thumb/v7e-m+fp/hard/crtbegin.o
                                         0x34 (size before relaxing)
 .comment       0x0000000000000033       0x34 build/main.o
 .comment       0x0000000000000033       0x34 build/usart.o
 .comment       0x0000000000000033       0x34 build/usbd_conf.o
 .comment       0x0000000000000033       0x34 build/usbd_desc.o
 .comment       0x0000000000000033       0x34 build/usbd_audio_if.o
 .comment       0x0000000000000033       0x34 build/stm32f4xx_it.o
 .comment       0x0000000000000033       0x34 build/stm32f4xx_hal_pcd.o
 .comment       0x0000000000000033       0x34 build/stm32f4xx_hal_pcd_ex.o
 .comment       0x0000000000000033       0x34 build/stm32f4xx_ll_usb.o
 .comment       0x0000000000000033       0x34 build/stm32f4xx_hal_i2s.o
 .comment       0x0000000000000033       0x34 build/stm32f4xx_hal_i2s_ex.o
 .comment       0x0000000000000033       0x34 build/stm32f4xx_hal_rcc.o
 .comment       0x0000000000000033       0x34 build/stm32f4xx_hal_rcc_ex.o
 .comment       0x0000000000000033       0x34 build/stm32f4xx_hal_gpio.o
 .comment       0x0000000000000033       0x34 build/stm32f4xx_hal_dma.o
 .comment       0x0000000000000033       0x34 build/stm32f4xx_hal_uart.o
 .comment       0x0000000000000033       0x34 build/stm32f4xx_hal_cortex.o
 .comment       0x0000000000000033       0x34 build/stm32f4xx_hal.o
 .comment       0x0000000000000033       0x34 build/bsp_misc.o
 .comment       0x0000000000000033       0x34 build/bsp_audio.o
 .comment       0x0000000000000033       0x34 build/system_stm32f4xx.o
 .comment       0x0000000000000033       0x34 build/usbd_core.o
 .comment       0x0000000000000033       0x34 build/usbd_ctlreq.o
 .comment       0x0000000000000033       0x34 build/usbd_ioreq.o
 .comment       0x0000000000000033       0x34 build/usbd_audio.o
 .comment       0x0000000000000033       0x34 /usr/lib/gcc/arm-none-eabi/10.3.1/../../../arm-none-eabi/lib/thumb/v7e-m+fp/hard/libc_nano.a(lib_a-impure.o)
 .comment       0x0000000000000033       0x34 /usr/lib/gcc/arm-none-eabi/10.3.1/../../../arm-none-eabi/lib/thumb/v7e-m+fp/hard/libc_nano.a(lib_a-init.o)